Archive member included to satisfy reference by file (symbol)

/senslab/users/luca/nrg-5/nrg-5-task4/bin/iotlab-a8-m3/core.a(sched.o)
                              /senslab/users/luca/nrg-5/nrg-5-task4/bin/iotlab-a8-m3/newlib_syscalls_default/syscalls.o (sched_active_pid)
/senslab/users/luca/nrg-5/nrg-5-task4/bin/iotlab-a8-m3/cortexm_common.a(thread_arch.o)
                              /senslab/users/luca/nrg-5/nrg-5-task4/bin/iotlab-a8-m3/core.a(sched.o) (cpu_switch_context_exit)
/senslab/users/luca/nrg-5/nrg-5-task4/bin/iotlab-a8-m3/cortexm_common.a(vectors_cortexm.o)
                              /senslab/users/luca/nrg-5/nrg-5-task4/bin/iotlab-a8-m3/cpu/vectors.o (dummy_handler_default)
/senslab/users/luca/nrg-5/nrg-5-task4/bin/iotlab-a8-m3/cortexm_common.a(irq_arch.o)
                              /senslab/users/luca/nrg-5/nrg-5-task4/bin/iotlab-a8-m3/newlib_syscalls_default/syscalls.o (irq_disable)
/senslab/users/luca/nrg-5/nrg-5-task4/bin/iotlab-a8-m3/div.a(div.o)
                              /senslab/users/luca/nrg-5/nrg-5-task4/bin/iotlab-a8-m3/newlib_syscalls_default/syscalls.o (_div_mulhi64)
/senslab/users/luca/nrg-5/nrg-5-task4/bin/iotlab-a8-m3/stdio_uart.a(stdio_uart.o)
                              /senslab/users/luca/nrg-5/nrg-5-task4/bin/iotlab-a8-m3/newlib_syscalls_default/syscalls.o (stdio_init)
/senslab/users/luca/nrg-5/nrg-5-task4/bin/iotlab-a8-m3/stm32_common_periph.a(uart.o)
                              /senslab/users/luca/nrg-5/nrg-5-task4/bin/iotlab-a8-m3/stdio_uart.a(stdio_uart.o) (uart_write)
/senslab/users/luca/nrg-5/nrg-5-task4/bin/iotlab-a8-m3/stm32_common_periph.a(pm.o)
                              /senslab/users/luca/nrg-5/nrg-5-task4/bin/iotlab-a8-m3/newlib_syscalls_default/syscalls.o (pm_off)
/senslab/users/luca/nrg-5/nrg-5-task4/bin/iotlab-a8-m3/xtimer.a(xtimer_core.o)
                              /senslab/users/luca/nrg-5/nrg-5-task4/bin/iotlab-a8-m3/newlib_syscalls_default/syscalls.o (_xtimer_now64)
/senslab/users/luca/nrg-5/nrg-5-task4/bin/iotlab-a8-m3/boards_common_iotlab.a(board_init.o)
                              /senslab/users/luca/nrg-5/nrg-5-task4/bin/iotlab-a8-m3/cortexm_common.a(vectors_cortexm.o) (board_init)
/senslab/users/luca/nrg-5/nrg-5-task4/bin/iotlab-a8-m3/core.a(panic.o)
                              /senslab/users/luca/nrg-5/nrg-5-task4/bin/iotlab-a8-m3/cortexm_common.a(vectors_cortexm.o) (core_panic)
/senslab/users/luca/nrg-5/nrg-5-task4/bin/iotlab-a8-m3/core.a(kernel_init.o)
                              /senslab/users/luca/nrg-5/nrg-5-task4/bin/iotlab-a8-m3/cortexm_common.a(vectors_cortexm.o) (kernel_init)
/senslab/users/luca/nrg-5/nrg-5-task4/bin/iotlab-a8-m3/core.a(thread.o)
                              /senslab/users/luca/nrg-5/nrg-5-task4/bin/iotlab-a8-m3/core.a(kernel_init.o) (thread_create)
/senslab/users/luca/nrg-5/nrg-5-task4/bin/iotlab-a8-m3/isrpipe.a(isrpipe.o)
                              /senslab/users/luca/nrg-5/nrg-5-task4/bin/iotlab-a8-m3/stdio_uart.a(stdio_uart.o) (isrpipe_write_one)
/senslab/users/luca/nrg-5/nrg-5-task4/bin/iotlab-a8-m3/periph.a(gpio.o)
                              /senslab/users/luca/nrg-5/nrg-5-task4/bin/iotlab-a8-m3/stm32_common_periph.a(uart.o) (gpio_init)
/senslab/users/luca/nrg-5/nrg-5-task4/bin/iotlab-a8-m3/pm_layered.a(pm.o)
                              /senslab/users/luca/nrg-5/nrg-5-task4/bin/iotlab-a8-m3/core.a(kernel_init.o) (pm_set_lowest)
/senslab/users/luca/nrg-5/nrg-5-task4/bin/iotlab-a8-m3/ps.a(ps.o)
                              /senslab/users/luca/nrg-5/nrg-5-task4/bin/iotlab-a8-m3/core.a(panic.o) (ps)
/senslab/users/luca/nrg-5/nrg-5-task4/bin/iotlab-a8-m3/stm32_common.a(stmclk.o)
                              /senslab/users/luca/nrg-5/nrg-5-task4/bin/iotlab-a8-m3/stm32_common_periph.a(pm.o) (stmclk_init_sysclk)
/senslab/users/luca/nrg-5/nrg-5-task4/bin/iotlab-a8-m3/stm32_common.a(stmclk_common.o)
                              /senslab/users/luca/nrg-5/nrg-5-task4/bin/iotlab-a8-m3/stm32_common.a(stmclk.o) (stmclk_enable_hsi)
/senslab/users/luca/nrg-5/nrg-5-task4/bin/iotlab-a8-m3/stm32_common.a(cpu_init.o)
                              /senslab/users/luca/nrg-5/nrg-5-task4/bin/iotlab-a8-m3/boards_common_iotlab.a(board_init.o) (cpu_init)
/senslab/users/luca/nrg-5/nrg-5-task4/bin/iotlab-a8-m3/stm32_common.a(cpu_common.o)
                              /senslab/users/luca/nrg-5/nrg-5-task4/bin/iotlab-a8-m3/stm32_common_periph.a(uart.o) (periph_apb_clk)
/senslab/users/luca/nrg-5/nrg-5-task4/bin/iotlab-a8-m3/stm32_common_periph.a(timer.o)
                              /senslab/users/luca/nrg-5/nrg-5-task4/bin/iotlab-a8-m3/xtimer.a(xtimer_core.o) (timer_set_absolute)
/senslab/users/luca/nrg-5/nrg-5-task4/bin/iotlab-a8-m3/tsrb.a(tsrb.o)
                              /senslab/users/luca/nrg-5/nrg-5-task4/bin/iotlab-a8-m3/isrpipe.a(isrpipe.o) (tsrb_get)
/senslab/users/luca/nrg-5/nrg-5-task4/bin/iotlab-a8-m3/periph_common.a(init.o)
[...]
Memory Configuration

Name             Origin             Length             Attributes
ccmram           0x0000000010000000 0x0000000000000000
rom              0x0000000008000000 0x0000000000080000 xr
ram              0x0000000020000000 0x0000000000010000 w !xr
*default*        0x0000000000000000 0xffffffffffffffff

Linker script and memory map

LOAD /senslab/users/luca/nrg-5/nrg-5-task4/bin/iotlab-a8-m3/cpu/vectors.o
LOAD /senslab/users/luca/nrg-5/nrg-5-task4/bin/iotlab-a8-m3/newlib_syscalls_default/syscalls.o
START GROUP
LOAD /senslab/users/luca/nrg-5/nrg-5-task4/bin/iotlab-a8-m3/application_nrg-5-task4.a
LOAD /senslab/users/luca/nrg-5/nrg-5-task4/bin/iotlab-a8-m3/auto_init.a
LOAD /senslab/users/luca/nrg-5/nrg-5-task4/bin/iotlab-a8-m3/board.a
LOAD /senslab/users/luca/nrg-5/nrg-5-task4/bin/iotlab-a8-m3/boards_common_iotlab.a
LOAD /senslab/users/luca/nrg-5/nrg-5-task4/bin/iotlab-a8-m3/core.a
LOAD /senslab/users/luca/nrg-5/nrg-5-task4/bin/iotlab-a8-m3/cortexm_common.a
LOAD /senslab/users/luca/nrg-5/nrg-5-task4/bin/iotlab-a8-m3/cortexm_common_periph.a
LOAD /senslab/users/luca/nrg-5/nrg-5-task4/bin/iotlab-a8-m3/cpu.a
LOAD /senslab/users/luca/nrg-5/nrg-5-task4/bin/iotlab-a8-m3/div.a
LOAD /senslab/users/luca/nrg-5/nrg-5-task4/bin/iotlab-a8-m3/isrpipe.a
LOAD /senslab/users/luca/nrg-5/nrg-5-task4/bin/iotlab-a8-m3/newlib_syscalls_default.a
LOAD /senslab/users/luca/nrg-5/nrg-5-task4/bin/iotlab-a8-m3/periph.a
LOAD /senslab/users/luca/nrg-5/nrg-5-task4/bin/iotlab-a8-m3/pm_layered.a
LOAD /senslab/users/luca/nrg-5/nrg-5-task4/bin/iotlab-a8-m3/ps.a
LOAD /senslab/users/luca/nrg-5/nrg-5-task4/bin/iotlab-a8-m3/shell.a
LOAD /senslab/users/luca/nrg-5/nrg-5-task4/bin/iotlab-a8-m3/shell_commands.a
LOAD /senslab/users/luca/nrg-5/nrg-5-task4/bin/iotlab-a8-m3/stdio_uart.a
LOAD /senslab/users/luca/nrg-5/nrg-5-task4/bin/iotlab-a8-m3/stm32_common.a
LOAD /senslab/users/luca/nrg-5/nrg-5-task4/bin/iotlab-a8-m3/stm32_common_periph.a
LOAD /senslab/users/luca/nrg-5/nrg-5-task4/bin/iotlab-a8-m3/sys.a
LOAD /senslab/users/luca/nrg-5/nrg-5-task4/bin/iotlab-a8-m3/tsrb.a
LOAD /senslab/users/luca/nrg-5/nrg-5-task4/bin/iotlab-a8-m3/xtimer.a
LOAD /senslab/users/luca/nrg-5/nrg-5-task4/bin/iotlab-a8-m3/periph_common.a
LOAD /opt/gcc-arm-none-eabi-7-2018-q2-update/bin/../lib/gcc/arm-none-eabi/7.3.1/../../../../arm-none-eabi/lib/thumb/v7-m/libm.a
END GROUP
LOAD /opt/gcc-arm-none-eabi-7-2018-q2-update/bin/../lib/gcc/arm-none-eabi/7.3.1/thumb/v7-m/libgcc.a
                0x0000000008000000                _rom_start_addr = 0x8000000
                0x0000000020000000                _ram_start_addr = 0x20000000
                0x0000000000080000                _rom_length = 0x80000
                0x0000000000010000                _ram_length = 0x10000
LOAD /opt/gcc-arm-none-eabi-7-2018-q2-update/bin/../lib/gcc/arm-none-eabi/7.3.1/../../../../arm-none-eabi/lib/thumb/v7-m/libc_nano.a
START GROUP
LOAD /opt/gcc-arm-none-eabi-7-2018-q2-update/bin/../lib/gcc/arm-none-eabi/7.3.1/thumb/v7-m/libgcc.a
LOAD /opt/gcc-arm-none-eabi-7-2018-q2-update/bin/../lib/gcc/arm-none-eabi/7.3.1/../../../../arm-none-eabi/lib/thumb/v7-m/libg_nano.a
LOAD /opt/gcc-arm-none-eabi-7-2018-q2-update/bin/../lib/gcc/arm-none-eabi/7.3.1/../../../../arm-none-eabi/lib/thumb/v7-m/libc_nano.a
END GROUP
START GROUP
LOAD /opt/gcc-arm-none-eabi-7-2018-q2-update/bin/../lib/gcc/arm-none-eabi/7.3.1/thumb/v7-m/libgcc.a
LOAD /opt/gcc-arm-none-eabi-7-2018-q2-update/bin/../lib/gcc/arm-none-eabi/7.3.1/../../../../arm-none-eabi/lib/thumb/v7-m/libc_nano.a
END GROUP
                0x0000000000000000                ccmram_length = DEFINED (ccmram_len)?ccmram_len:0x0
                0x0000000000000000                _rom_offset = DEFINED (_rom_offset)?_rom_offset:0x0
                0x0000000000080000                _fw_rom_length = DEFINED (_fw_rom_length)?_fw_rom_length:(_rom_length - _rom_offset)
                0x0000000000000001                ASSERT ((_fw_rom_length <= (_rom_length - _rom_offset)), Specified firmware size does not fit in ROM)

.text           0x0000000008000000     0x3074
                0x0000000008000000                . = ALIGN (0x4)
                0x0000000008000000                _sfixed = .
                0x0000000008000000                _isr_vectors = DEFINED (_isr_vectors)?_isr_vectors:.
 *(SORT_BY_NAME(.vectors*))
 .vectors.0     0x0000000008000000       0x40 /senslab/users/luca/nrg-5/nrg-5-task4/bin/iotlab-a8-m3/cortexm_common.a(vectors_cortexm.o)
                0x0000000008000000                cortex_vector_base
 .vectors.1     0x0000000008000040       0xf0 /senslab/users/luca/nrg-5/nrg-5-task4/bin/iotlab-a8-m3/cpu/vectors.o
                0x0000000008000040                vector_cpu
 *(.text .text.* .gnu.linkonce.t.*)
 .text.dummy_handler
                0x0000000008000130        0x4 /senslab/users/luca/nrg-5/nrg-5-task4/bin/iotlab-a8-m3/cpu/vectors.o
                0x0000000008000130                isr_pvd
                0x0000000008000130                isr_usb_lp_can1_rx0
                0x0000000008000130                isr_dma1_channel4
                0x0000000008000130                isr_exti
                0x0000000008000130                isr_tim7
                0x0000000008000130                isr_tim5
                0x0000000008000130                isr_i2c1_ev
                0x0000000008000130                isr_tim1_brk
                0x0000000008000130                isr_dma1_channel5
                0x0000000008000130                isr_tim4
                0x0000000008000130                isr_dma1_channel2
                0x0000000008000130                isr_adc3
                0x0000000008000130                isr_can1_sce
                0x0000000008000130                isr_dma1_channel7
                0x0000000008000130                isr_usb_hp_can1_tx
                0x0000000008000130                isr_tim1_up
                0x0000000008000130                isr_sdio
                0x0000000008000130                isr_spi2
                0x0000000008000130                isr_tim1_trg_com
                0x0000000008000130                isr_dma1_channel1
                0x0000000008000130                dummy_handler
                0x0000000008000130                isr_adc1_2
                0x0000000008000130                isr_can1_rx1
                0x0000000008000130                isr_fsmc
                0x0000000008000130                isr_spi1
                0x0000000008000130                isr_tim6
                0x0000000008000130                isr_rcc
                0x0000000008000130                isr_flash
                0x0000000008000130                isr_uart5
                0x0000000008000130                isr_rtc
                0x0000000008000130                isr_tim1_cc
                0x0000000008000130                isr_usbwakeup
                0x0000000008000130                isr_dma2_channel1
                0x0000000008000130                isr_uart4
                0x0000000008000130                isr_tim8_brk
                0x0000000008000130                isr_i2c2_er
                0x0000000008000130                isr_dma2_channel4_5
                0x0000000008000130                isr_dma1_channel6
                0x0000000008000130                isr_spi3
                0x0000000008000130                isr_tim8_up
                0x0000000008000130                isr_usart3
                0x0000000008000130                isr_tim8_cc
                0x0000000008000130                isr_i2c2_ev
                0x0000000008000130                isr_dma2_channel2
                0x0000000008000130                isr_dma2_channel3
                0x0000000008000130                isr_rtc_alarm
                0x0000000008000130                isr_tamper
                0x0000000008000130                isr_dma1_channel3
                0x0000000008000130                isr_tim8_trg_com
                0x0000000008000130                isr_i2c1_er
                0x0000000008000130                isr_wwdg
 .text._init    0x0000000008000134        0x4 /senslab/users/luca/nrg-5/nrg-5-task4/bin/iotlab-a8-m3/newlib_syscalls_default/syscalls.o
                0x0000000008000134                _init
 .text._fini    0x0000000008000138        0x2 /senslab/users/luca/nrg-5/nrg-5-task4/bin/iotlab-a8-m3/newlib_syscalls_default/syscalls.o
                0x0000000008000138                _fini
 *fill*         0x000000000800013a        0x2 
 .text._sbrk_r  0x000000000800013c       0x3c /senslab/users/luca/nrg-5/nrg-5-task4/bin/iotlab-a8-m3/newlib_syscalls_default/syscalls.o
                0x000000000800013c                _sbrk_r
 .text._read_r  0x0000000008000178        0x8 /senslab/users/luca/nrg-5/nrg-5-task4/bin/iotlab-a8-m3/newlib_syscalls_default/syscalls.o
                0x0000000008000178                _read_r
 .text._write_r
                0x0000000008000180        0x8 /senslab/users/luca/nrg-5/nrg-5-task4/bin/iotlab-a8-m3/newlib_syscalls_default/syscalls.o
                0x0000000008000180                _write_r
 .text._close_r
                0x0000000008000188        0xa /senslab/users/luca/nrg-5/nrg-5-task4/bin/iotlab-a8-m3/newlib_syscalls_default/syscalls.o
                0x0000000008000188                _close_r
 .text._lseek_r
                0x0000000008000192        0xa /senslab/users/luca/nrg-5/nrg-5-task4/bin/iotlab-a8-m3/newlib_syscalls_default/syscalls.o
                0x0000000008000192                _lseek_r
 .text._fstat_r
                0x000000000800019c        0xa /senslab/users/luca/nrg-5/nrg-5-task4/bin/iotlab-a8-m3/newlib_syscalls_default/syscalls.o
                0x000000000800019c                _fstat_r
 .text._isatty_r
                0x00000000080001a6        0xe /senslab/users/luca/nrg-5/nrg-5-task4/bin/iotlab-a8-m3/newlib_syscalls_default/syscalls.o
                0x00000000080001a6                _isatty_r
 .text.sched_run
                0x00000000080001b4       0x64 /senslab/users/luca/nrg-5/nrg-5-task4/bin/iotlab-a8-m3/core.a(sched.o)
                0x00000000080001b4                sched_run
 .text.sched_set_status
                0x0000000008000218       0x80 /senslab/users/luca/nrg-5/nrg-5-task4/bin/iotlab-a8-m3/core.a(sched.o)
                0x0000000008000218                sched_set_status
 .text.sched_switch
                0x0000000008000298       0x30 /senslab/users/luca/nrg-5/nrg-5-task4/bin/iotlab-a8-m3/core.a(sched.o)
                0x0000000008000298                sched_switch
 .text.sched_task_exit
                0x00000000080002c8       0x3c /senslab/users/luca/nrg-5/nrg-5-task4/bin/iotlab-a8-m3/core.a(sched.o)
                0x00000000080002c8                sched_task_exit
 .text.thread_stack_init
                0x0000000008000304       0x64 /senslab/users/luca/nrg-5/nrg-5-task4/bin/iotlab-a8-m3/cortexm_common.a(thread_arch.o)
                0x0000000008000304                thread_stack_init
 .text.thread_isr_stack_usage
                0x0000000008000368       0x24 /senslab/users/luca/nrg-5/nrg-5-task4/bin/iotlab-a8-m3/cortexm_common.a(thread_arch.o)
                0x0000000008000368                thread_isr_stack_usage
 .text.thread_isr_stack_pointer
                0x000000000800038c        0x6 /senslab/users/luca/nrg-5/nrg-5-task4/bin/iotlab-a8-m3/cortexm_common.a(thread_arch.o)
                0x000000000800038c                thread_isr_stack_pointer
 *fill*         0x0000000008000392        0x2 
 .text.thread_isr_stack_start
                0x0000000008000394        0x8 /senslab/users/luca/nrg-5/nrg-5-task4/bin/iotlab-a8-m3/cortexm_common.a(thread_arch.o)
                0x0000000008000394                thread_isr_stack_start
 .text.cpu_switch_context_exit
                0x000000000800039c        0x8 /senslab/users/luca/nrg-5/nrg-5-task4/bin/iotlab-a8-m3/cortexm_common.a(thread_arch.o)
                0x000000000800039c                cpu_switch_context_exit
 .text.thread_yield_higher
                0x00000000080003a4       0x10 /senslab/users/luca/nrg-5/nrg-5-task4/bin/iotlab-a8-m3/cortexm_common.a(thread_arch.o)
                0x00000000080003a4                thread_yield_higher
 .text.isr_pendsv
                0x00000000080003b4       0x1c /senslab/users/luca/nrg-5/nrg-5-task4/bin/iotlab-a8-m3/cortexm_common.a(thread_arch.o)
                0x00000000080003b4                isr_pendsv
 .text.isr_svc  0x00000000080003d0       0x1c /senslab/users/luca/nrg-5/nrg-5-task4/bin/iotlab-a8-m3/cortexm_common.a(thread_arch.o)
                0x00000000080003d0                isr_svc
 .text.hard_fault_default
                0x00000000080003ec       0x44 /senslab/users/luca/nrg-5/nrg-5-task4/bin/iotlab-a8-m3/cortexm_common.a(vectors_cortexm.o)
                0x00000000080003ec                hard_fault_default
 .text.nmi_default
                0x0000000008000430       0x10 /senslab/users/luca/nrg-5/nrg-5-task4/bin/iotlab-a8-m3/cortexm_common.a(vectors_cortexm.o)
                0x0000000008000430                nmi_default
 .text.mem_manage_default
                0x0000000008000440       0x10 /senslab/users/luca/nrg-5/nrg-5-task4/bin/iotlab-a8-m3/cortexm_common.a(vectors_cortexm.o)
                0x0000000008000440                mem_manage_default
 .text.bus_fault_default
                0x0000000008000450       0x10 /senslab/users/luca/nrg-5/nrg-5-task4/bin/iotlab-a8-m3/cortexm_common.a(vectors_cortexm.o)
                0x0000000008000450                bus_fault_default
 .text.usage_fault_default
                0x0000000008000460       0x10 /senslab/users/luca/nrg-5/nrg-5-task4/bin/iotlab-a8-m3/cortexm_common.a(vectors_cortexm.o)
                0x0000000008000460                usage_fault_default
 .text.debug_mon_default
                0x0000000008000470       0x10 /senslab/users/luca/nrg-5/nrg-5-task4/bin/iotlab-a8-m3/cortexm_common.a(vectors_cortexm.o)
                0x0000000008000470                debug_mon_default
 .text.dummy_handler_default
                0x0000000008000480       0x10 /senslab/users/luca/nrg-5/nrg-5-task4/bin/iotlab-a8-m3/cortexm_common.a(vectors_cortexm.o)
                0x0000000008000480                dummy_handler_default
                0x0000000008000480                isr_systick
 .text.pre_startup
                0x0000000008000490        0x2 /senslab/users/luca/nrg-5/nrg-5-task4/bin/iotlab-a8-m3/cortexm_common.a(vectors_cortexm.o)
                0x0000000008000490                pre_startup
 .text.post_startup
                0x0000000008000492        0x2 /senslab/users/luca/nrg-5/nrg-5-task4/bin/iotlab-a8-m3/cortexm_common.a(vectors_cortexm.o)
                0x0000000008000492                post_startup
 .text.reset_handler_default
                0x0000000008000494       0x6c /senslab/users/luca/nrg-5/nrg-5-task4/bin/iotlab-a8-m3/cortexm_common.a(vectors_cortexm.o)
                0x0000000008000494                reset_handler_default
 .text.hard_fault_handler
                0x0000000008000500      0x188 /senslab/users/luca/nrg-5/nrg-5-task4/bin/iotlab-a8-m3/cortexm_common.a(vectors_cortexm.o)
                0x0000000008000500                hard_fault_handler
 .text.irq_disable
                0x0000000008000688        0x8 /senslab/users/luca/nrg-5/nrg-5-task4/bin/iotlab-a8-m3/cortexm_common.a(irq_arch.o)
                0x0000000008000688                irq_disable
 .text.irq_enable
                0x0000000008000690        0x8 /senslab/users/luca/nrg-5/nrg-5-task4/bin/iotlab-a8-m3/cortexm_common.a(irq_arch.o)
                0x0000000008000690                irq_enable
 .text.irq_restore
                0x0000000008000698        0x6 /senslab/users/luca/nrg-5/nrg-5-task4/bin/iotlab-a8-m3/cortexm_common.a(irq_arch.o)
                0x0000000008000698                irq_restore
 .text.irq_is_in
                0x000000000800069e        0x8 /senslab/users/luca/nrg-5/nrg-5-task4/bin/iotlab-a8-m3/cortexm_common.a(irq_arch.o)
                0x000000000800069e                irq_is_in
 *fill*         0x00000000080006a6        0x2 
 .text.stdio_init
                0x00000000080006a8       0x18 /senslab/users/luca/nrg-5/nrg-5-task4/bin/iotlab-a8-m3/stdio_uart.a(stdio_uart.o)
                0x00000000080006a8                stdio_init
 .text.stdio_read
                0x00000000080006c0       0x10 /senslab/users/luca/nrg-5/nrg-5-task4/bin/iotlab-a8-m3/stdio_uart.a(stdio_uart.o)
                0x00000000080006c0                stdio_read
 .text.stdio_write
                0x00000000080006d0       0x12 /senslab/users/luca/nrg-5/nrg-5-task4/bin/iotlab-a8-m3/stdio_uart.a(stdio_uart.o)
                0x00000000080006d0                stdio_write
 *fill*         0x00000000080006e2        0x2 
 .text.irq_handler
                0x00000000080006e4       0x44 /senslab/users/luca/nrg-5/nrg-5-task4/bin/iotlab-a8-m3/stm32_common_periph.a(uart.o)
 .text.uart_write
                0x0000000008000728       0x3c /senslab/users/luca/nrg-5/nrg-5-task4/bin/iotlab-a8-m3/stm32_common_periph.a(uart.o)
                0x0000000008000728                uart_write
 .text.uart_poweron
                0x0000000008000764       0x40 /senslab/users/luca/nrg-5/nrg-5-task4/bin/iotlab-a8-m3/stm32_common_periph.a(uart.o)
                0x0000000008000764                uart_poweron
 .text.uart_init
                0x00000000080007a4       0xb8 /senslab/users/luca/nrg-5/nrg-5-task4/bin/iotlab-a8-m3/stm32_common_periph.a(uart.o)
                0x00000000080007a4                uart_init
 .text.isr_usart1
                0x000000000800085c        0x6 /senslab/users/luca/nrg-5/nrg-5-task4/bin/iotlab-a8-m3/stm32_common_periph.a(uart.o)
                0x000000000800085c                isr_usart1
 .text.isr_usart2
                0x0000000008000862        0x6 /senslab/users/luca/nrg-5/nrg-5-task4/bin/iotlab-a8-m3/stm32_common_periph.a(uart.o)
                0x0000000008000862                isr_usart2
 .text.pm_set   0x0000000008000868       0x6c /senslab/users/luca/nrg-5/nrg-5-task4/bin/iotlab-a8-m3/stm32_common_periph.a(pm.o)
                0x0000000008000868                pm_set
 .text.pm_off   0x00000000080008d4       0x10 /senslab/users/luca/nrg-5/nrg-5-task4/bin/iotlab-a8-m3/stm32_common_periph.a(pm.o)
                0x00000000080008d4                pm_off
 .text._xtimer_lltimer_now
                0x00000000080008e4        0x6 /senslab/users/luca/nrg-5/nrg-5-task4/bin/iotlab-a8-m3/xtimer.a(xtimer_core.o)
 *fill*         0x00000000080008ea        0x2 
 .text._xtimer_now
                0x00000000080008ec       0x18 /senslab/users/luca/nrg-5/nrg-5-task4/bin/iotlab-a8-m3/xtimer.a(xtimer_core.o)
 .text._lltimer_set
                0x0000000008000904       0x14 /senslab/users/luca/nrg-5/nrg-5-task4/bin/iotlab-a8-m3/xtimer.a(xtimer_core.o)
 .text._add_timer_to_long_list.constprop.3
                0x0000000008000918       0x2c /senslab/users/luca/nrg-5/nrg-5-task4/bin/iotlab-a8-m3/xtimer.a(xtimer_core.o)
 .text._next_period
                0x0000000008000944       0xc4 /senslab/users/luca/nrg-5/nrg-5-task4/bin/iotlab-a8-m3/xtimer.a(xtimer_core.o)
 .text._periph_timer_callback
                0x0000000008000a08       0xd8 /senslab/users/luca/nrg-5/nrg-5-task4/bin/iotlab-a8-m3/xtimer.a(xtimer_core.o)
 .text._remove  0x0000000008000ae0       0x60 /senslab/users/luca/nrg-5/nrg-5-task4/bin/iotlab-a8-m3/xtimer.a(xtimer_core.o)
 .text.xtimer_init
                0x0000000008000b40       0x24 /senslab/users/luca/nrg-5/nrg-5-task4/bin/iotlab-a8-m3/xtimer.a(xtimer_core.o)
                0x0000000008000b40                xtimer_init
 .text._xtimer_set_absolute
                0x0000000008000b64       0xcc /senslab/users/luca/nrg-5/nrg-5-task4/bin/iotlab-a8-m3/xtimer.a(xtimer_core.o)
                0x0000000008000b64                _xtimer_set_absolute
 .text.xtimer_remove
                0x0000000008000c30       0x22 /senslab/users/luca/nrg-5/nrg-5-task4/bin/iotlab-a8-m3/xtimer.a(xtimer_core.o)
                0x0000000008000c30                xtimer_remove
 .text._xtimer_set
                0x0000000008000c52       0x40 /senslab/users/luca/nrg-5/nrg-5-task4/bin/iotlab-a8-m3/xtimer.a(xtimer_core.o)
                0x0000000008000c52                _xtimer_set
 *fill*         0x0000000008000c92        0x2 
 .text._xtimer_set64
                0x0000000008000c94       0x60 /senslab/users/luca/nrg-5/nrg-5-task4/bin/iotlab-a8-m3/xtimer.a(xtimer_core.o)
                0x0000000008000c94                _xtimer_set64
 .text.board_init
                0x0000000008000cf4       0x48 /senslab/users/luca/nrg-5/nrg-5-task4/bin/iotlab-a8-m3/boards_common_iotlab.a(board_init.o)
                0x0000000008000cf4                board_init
 .text.panic_arch
                0x0000000008000d3c        0x2 /senslab/users/luca/nrg-5/nrg-5-task4/bin/iotlab-a8-m3/core.a(panic.o)
                0x0000000008000d3c                panic_arch
 *fill*         0x0000000008000d3e        0x2 
 .text.core_panic
                0x0000000008000d40       0x54 /senslab/users/luca/nrg-5/nrg-5-task4/bin/iotlab-a8-m3/core.a(panic.o)
                0x0000000008000d40                core_panic
 .text.main_trampoline
                0x0000000008000d94       0x18 /senslab/users/luca/nrg-5/nrg-5-task4/bin/iotlab-a8-m3/core.a(kernel_init.o)
 .text.idle_thread
                0x0000000008000dac        0x8 /senslab/users/luca/nrg-5/nrg-5-task4/bin/iotlab-a8-m3/core.a(kernel_init.o)
 .text.kernel_init
                0x0000000008000db4       0x58 /senslab/users/luca/nrg-5/nrg-5-task4/bin/iotlab-a8-m3/core.a(kernel_init.o)
                0x0000000008000db4                kernel_init
 .text.thread_add_to_list
                0x0000000008000e0c       0x30 /senslab/users/luca/nrg-5/nrg-5-task4/bin/iotlab-a8-m3/core.a(thread.o)
                0x0000000008000e0c                thread_add_to_list
 .text.thread_measure_stack_free
                0x0000000008000e3c        0xe /senslab/users/luca/nrg-5/nrg-5-task4/bin/iotlab-a8-m3/core.a(thread.o)
                0x0000000008000e3c                thread_measure_stack_free
 *fill*         0x0000000008000e4a        0x2 
 .text.thread_create
                0x0000000008000e4c       0xec /senslab/users/luca/nrg-5/nrg-5-task4/bin/iotlab-a8-m3/core.a(thread.o)
                0x0000000008000e4c                thread_create
 .text.isrpipe_write_one
                0x0000000008000f38       0x16 /senslab/users/luca/nrg-5/nrg-5-task4/bin/iotlab-a8-m3/isrpipe.a(isrpipe.o)
                0x0000000008000f38                isrpipe_write_one
 .text.isrpipe_read
                0x0000000008000f4e       0x24 /senslab/users/luca/nrg-5/nrg-5-task4/bin/iotlab-a8-m3/isrpipe.a(isrpipe.o)
                0x0000000008000f4e                isrpipe_read
 .text.gpio_init
                0x0000000008000f72       0x68 /senslab/users/luca/nrg-5/nrg-5-task4/bin/iotlab-a8-m3/periph.a(gpio.o)
                0x0000000008000f72                gpio_init
 .text.gpio_init_af
                0x0000000008000fda       0x44 /senslab/users/luca/nrg-5/nrg-5-task4/bin/iotlab-a8-m3/periph.a(gpio.o)
                0x0000000008000fda                gpio_init_af
 .text.gpio_set
                0x000000000800101e       0x12 /senslab/users/luca/nrg-5/nrg-5-task4/bin/iotlab-a8-m3/periph.a(gpio.o)
                0x000000000800101e                gpio_set
 .text.pm_set_lowest
                0x0000000008001030       0x38 /senslab/users/luca/nrg-5/nrg-5-task4/bin/iotlab-a8-m3/pm_layered.a(pm.o)
                0x0000000008001030                pm_set_lowest
 .text.pm_block
                0x0000000008001068       0x30 /senslab/users/luca/nrg-5/nrg-5-task4/bin/iotlab-a8-m3/pm_layered.a(pm.o)
                0x0000000008001068                pm_block
 .text.ps       0x0000000008001098       0xe8 /senslab/users/luca/nrg-5/nrg-5-task4/bin/iotlab-a8-m3/ps.a(ps.o)
                0x0000000008001098                ps
 .text.stmclk_init_sysclk
                0x0000000008001180       0x88 /senslab/users/luca/nrg-5/nrg-5-task4/bin/iotlab-a8-m3/stm32_common.a(stmclk.o)
                0x0000000008001180                stmclk_init_sysclk
 .text.stmclk_enable_hsi
                0x0000000008001208       0x18 /senslab/users/luca/nrg-5/nrg-5-task4/bin/iotlab-a8-m3/stm32_common.a(stmclk_common.o)
                0x0000000008001208                stmclk_enable_hsi
 .text.stmclk_disable_hsi
                0x0000000008001220       0x18 /senslab/users/luca/nrg-5/nrg-5-task4/bin/iotlab-a8-m3/stm32_common.a(stmclk_common.o)
                0x0000000008001220                stmclk_disable_hsi
 .text.cpu_init
                0x0000000008001238       0x1c /senslab/users/luca/nrg-5/nrg-5-task4/bin/iotlab-a8-m3/stm32_common.a(cpu_init.o)
                0x0000000008001238                cpu_init
 .text.periph_apb_clk
                0x0000000008001254       0x18 /senslab/users/luca/nrg-5/nrg-5-task4/bin/iotlab-a8-m3/stm32_common.a(cpu_common.o)
                0x0000000008001254                periph_apb_clk
 .text.periph_timer_clk
                0x000000000800126c       0x20 /senslab/users/luca/nrg-5/nrg-5-task4/bin/iotlab-a8-m3/stm32_common.a(cpu_common.o)
                0x000000000800126c                periph_timer_clk
 .text.periph_clk_en
                0x000000000800128c       0x34 /senslab/users/luca/nrg-5/nrg-5-task4/bin/iotlab-a8-m3/stm32_common.a(cpu_common.o)
                0x000000000800128c                periph_clk_en
 .text.irq_handler
                0x00000000080012c0       0x5c /senslab/users/luca/nrg-5/nrg-5-task4/bin/iotlab-a8-m3/stm32_common_periph.a(timer.o)
 .text.timer_set_absolute
                0x000000000800131c       0x40 /senslab/users/luca/nrg-5/nrg-5-task4/bin/iotlab-a8-m3/stm32_common_periph.a(timer.o)
                0x000000000800131c                timer_set_absolute
 .text.timer_read
                0x000000000800135c       0x10 /senslab/users/luca/nrg-5/nrg-5-task4/bin/iotlab-a8-m3/stm32_common_periph.a(timer.o)
                0x000000000800135c                timer_read
 .text.timer_start
                0x000000000800136c       0x14 /senslab/users/luca/nrg-5/nrg-5-task4/bin/iotlab-a8-m3/stm32_common_periph.a(timer.o)
                0x000000000800136c                timer_start
 .text.timer_init
                0x0000000008001380       0x80 /senslab/users/luca/nrg-5/nrg-5-task4/bin/iotlab-a8-m3/stm32_common_periph.a(timer.o)
                0x0000000008001380                timer_init
 .text.isr_tim2
                0x0000000008001400        0x6 /senslab/users/luca/nrg-5/nrg-5-task4/bin/iotlab-a8-m3/stm32_common_periph.a(timer.o)
                0x0000000008001400                isr_tim2
 .text.isr_tim3
                0x0000000008001406        0x6 /senslab/users/luca/nrg-5/nrg-5-task4/bin/iotlab-a8-m3/stm32_common_periph.a(timer.o)
                0x0000000008001406                isr_tim3
 .text._pop     0x000000000800140c       0x12 /senslab/users/luca/nrg-5/nrg-5-task4/bin/iotlab-a8-m3/tsrb.a(tsrb.o)
 .text.tsrb_get
                0x000000000800141e       0x26 /senslab/users/luca/nrg-5/nrg-5-task4/bin/iotlab-a8-m3/tsrb.a(tsrb.o)
                0x000000000800141e                tsrb_get
 .text.tsrb_add_one
                0x0000000008001444       0x26 /senslab/users/luca/nrg-5/nrg-5-task4/bin/iotlab-a8-m3/tsrb.a(tsrb.o)
                0x0000000008001444                tsrb_add_one
 .text.periph_init
                0x000000000800146a        0x2 /senslab/users/luca/nrg-5/nrg-5-task4/bin/iotlab-a8-m3/periph_common.a(init.o)
                0x000000000800146a                periph_init
 .text.thread_handler
                0x000000000800146c       0x40 /senslab/users/luca/nrg-5/nrg-5-task4/bin/iotlab-a8-m3/application_nrg-5-task4.a(main.o)
                0x000000000800146c                thread_handler
 .text.startup.main
                0x00000000080014ac       0x44 /senslab/users/luca/nrg-5/nrg-5-task4/bin/iotlab-a8-m3/application_nrg-5-task4.a(main.o)
                0x00000000080014ac                main
 .text.auto_init
                0x00000000080014f0        0x4 /senslab/users/luca/nrg-5/nrg-5-task4/bin/iotlab-a8-m3/auto_init.a(auto_init.o)
                0x00000000080014f0                auto_init
 .text._mutex_lock
                0x00000000080014f4       0x60 /senslab/users/luca/nrg-5/nrg-5-task4/bin/iotlab-a8-m3/core.a(mutex.o)
                0x00000000080014f4                _mutex_lock
 .text.mutex_unlock
                0x0000000008001554       0x4c /senslab/users/luca/nrg-5/nrg-5-task4/bin/iotlab-a8-m3/core.a(mutex.o)
                0x0000000008001554                mutex_unlock
 .text.cortexm_init
                0x00000000080015a0       0x40 /senslab/users/luca/nrg-5/nrg-5-task4/bin/iotlab-a8-m3/cortexm_common.a(cortexm_init.o)
                0x00000000080015a0                cortexm_init
 .text.print_prompt
                0x00000000080015e0       0x20 /senslab/users/luca/nrg-5/nrg-5-task4/bin/iotlab-a8-m3/shell.a(shell.o)
 .text.shell_run
                0x0000000008001600      0x240 /senslab/users/luca/nrg-5/nrg-5-task4/bin/iotlab-a8-m3/shell.a(shell.o)
                0x0000000008001600                shell_run
 .text._reboot_handler
                0x0000000008001840        0xa /senslab/users/luca/nrg-5/nrg-5-task4/bin/iotlab-a8-m3/shell_commands.a(sc_sys.o)
                0x0000000008001840                _reboot_handler
 .text._ps_handler
                0x000000000800184a        0xa /senslab/users/luca/nrg-5/nrg-5-task4/bin/iotlab-a8-m3/shell_commands.a(sc_ps.o)
                0x000000000800184a                _ps_handler
 .text._callback_unlock_mutex
                0x0000000008001854        0x4 /senslab/users/luca/nrg-5/nrg-5-task4/bin/iotlab-a8-m3/xtimer.a(xtimer.o)
 .text._xtimer_spin
                0x0000000008001858       0x1e /senslab/users/luca/nrg-5/nrg-5-task4/bin/iotlab-a8-m3/xtimer.a(xtimer.o)
 *fill*         0x0000000008001876        0x2 
 .text._xtimer_tsleep
                0x0000000008001878       0x54 /senslab/users/luca/nrg-5/nrg-5-task4/bin/iotlab-a8-m3/xtimer.a(xtimer.o)
                0x0000000008001878                _xtimer_tsleep
 .text.pm_reboot
                0x00000000080018cc       0x24 /senslab/users/luca/nrg-5/nrg-5-task4/bin/iotlab-a8-m3/cortexm_common_periph.a(pm.o)
                0x00000000080018cc                pm_reboot
 .text.__sflush_r
                0x00000000080018f0      0x10c /opt/gcc-arm-none-eabi-7-2018-q2-update/bin/../lib/gcc/arm-none-eabi/7.3.1/../../../../arm-none-eabi/lib/thumb/v7-m/libc_nano.a(lib_a-fflush.o)
                0x00000000080018f0                __sflush_r
 .text._fflush_r
                0x00000000080019fc       0x54 /opt/gcc-arm-none-eabi-7-2018-q2-update/bin/../lib/gcc/arm-none-eabi/7.3.1/../../../../arm-none-eabi/lib/thumb/v7-m/libc_nano.a(lib_a-fflush.o)
                0x00000000080019fc                _fflush_r
 .text.fflush   0x0000000008001a50       0x24 /opt/gcc-arm-none-eabi-7-2018-q2-update/bin/../lib/gcc/arm-none-eabi/7.3.1/../../../../arm-none-eabi/lib/thumb/v7-m/libc_nano.a(lib_a-fflush.o)
                0x0000000008001a50                fflush
 .text.std      0x0000000008001a74       0x48 /opt/gcc-arm-none-eabi-7-2018-q2-update/bin/../lib/gcc/arm-none-eabi/7.3.1/../../../../arm-none-eabi/lib/thumb/v7-m/libc_nano.a(lib_a-findfp.o)
 .text._cleanup_r
                0x0000000008001abc        0xc /opt/gcc-arm-none-eabi-7-2018-q2-update/bin/../lib/gcc/arm-none-eabi/7.3.1/../../../../arm-none-eabi/lib/thumb/v7-m/libc_nano.a(lib_a-findfp.o)
                0x0000000008001abc                _cleanup_r
 .text.__sfmoreglue
                0x0000000008001ac8       0x2c /opt/gcc-arm-none-eabi-7-2018-q2-update/bin/../lib/gcc/arm-none-eabi/7.3.1/../../../../arm-none-eabi/lib/thumb/v7-m/libc_nano.a(lib_a-findfp.o)
                0x0000000008001ac8                __sfmoreglue
 .text.__sinit  0x0000000008001af4       0x60 /opt/gcc-arm-none-eabi-7-2018-q2-update/bin/../lib/gcc/arm-none-eabi/7.3.1/../../../../arm-none-eabi/lib/thumb/v7-m/libc_nano.a(lib_a-findfp.o)
                0x0000000008001af4                __sinit
 .text.__sfp    0x0000000008001b54       0x78 /opt/gcc-arm-none-eabi-7-2018-q2-update/bin/../lib/gcc/arm-none-eabi/7.3.1/../../../../arm-none-eabi/lib/thumb/v7-m/libc_nano.a(lib_a-findfp.o)
                0x0000000008001b54                __sfp
 .text._fwalk   0x0000000008001bcc       0x38 /opt/gcc-arm-none-eabi-7-2018-q2-update/bin/../lib/gcc/arm-none-eabi/7.3.1/../../../../arm-none-eabi/lib/thumb/v7-m/libc_nano.a(lib_a-fwalk.o)
                0x0000000008001bcc                _fwalk
 .text._fwalk_reent
                0x0000000008001c04       0x3c /opt/gcc-arm-none-eabi-7-2018-q2-update/bin/../lib/gcc/arm-none-eabi/7.3.1/../../../../arm-none-eabi/lib/thumb/v7-m/libc_nano.a(lib_a-fwalk.o)
                0x0000000008001c04                _fwalk_reent
 .text.getchar  0x0000000008001c40       0x24 /opt/gcc-arm-none-eabi-7-2018-q2-update/bin/../lib/gcc/arm-none-eabi/7.3.1/../../../../arm-none-eabi/lib/thumb/v7-m/libc_nano.a(lib_a-getchar.o)
                0x0000000008001c40                getchar
 .text.__libc_init_array
                0x0000000008001c64       0x48 /opt/gcc-arm-none-eabi-7-2018-q2-update/bin/../lib/gcc/arm-none-eabi/7.3.1/../../../../arm-none-eabi/lib/thumb/v7-m/libc_nano.a(lib_a-init.o)
                0x0000000008001c64                __libc_init_array
 .text.memset   0x0000000008001cac       0x10 /opt/gcc-arm-none-eabi-7-2018-q2-update/bin/../lib/gcc/arm-none-eabi/7.3.1/../../../../arm-none-eabi/lib/thumb/v7-m/libc_nano.a(lib_a-memset.o)
                0x0000000008001cac                memset
 .text._free_r  0x0000000008001cbc       0x98 /opt/gcc-arm-none-eabi-7-2018-q2-update/bin/../lib/gcc/arm-none-eabi/7.3.1/../../../../arm-none-eabi/lib/thumb/v7-m/libc_nano.a(lib_a-nano-freer.o)
                0x0000000008001cbc                _free_r
 .text._malloc_r
                0x0000000008001d54       0xb4 /opt/gcc-arm-none-eabi-7-2018-q2-update/bin/../lib/gcc/arm-none-eabi/7.3.1/../../../../arm-none-eabi/lib/thumb/v7-m/libc_nano.a(lib_a-nano-mallocr.o)
                0x0000000008001d54                _malloc_r
 .text.printf   0x0000000008001e08       0x30 /opt/gcc-arm-none-eabi-7-2018-q2-update/bin/../lib/gcc/arm-none-eabi/7.3.1/../../../../arm-none-eabi/lib/thumb/v7-m/libc_nano.a(lib_a-printf.o)
                0x0000000008001e08                printf
                0x0000000008001e08                iprintf
 .text.putchar  0x0000000008001e38       0x28 /opt/gcc-arm-none-eabi-7-2018-q2-update/bin/../lib/gcc/arm-none-eabi/7.3.1/../../../../arm-none-eabi/lib/thumb/v7-m/libc_nano.a(lib_a-putchar.o)
                0x0000000008001e38                putchar
 .text._puts_r  0x0000000008001e60       0xb8 /opt/gcc-arm-none-eabi-7-2018-q2-update/bin/../lib/gcc/arm-none-eabi/7.3.1/../../../../arm-none-eabi/lib/thumb/v7-m/libc_nano.a(lib_a-puts.o)
                0x0000000008001e60                _puts_r
 .text.puts     0x0000000008001f18       0x10 /opt/gcc-arm-none-eabi-7-2018-q2-update/bin/../lib/gcc/arm-none-eabi/7.3.1/../../../../arm-none-eabi/lib/thumb/v7-m/libc_nano.a(lib_a-puts.o)
                0x0000000008001f18                puts
 .text.__sread  0x0000000008001f28       0x22 /opt/gcc-arm-none-eabi-7-2018-q2-update/bin/../lib/gcc/arm-none-eabi/7.3.1/../../../../arm-none-eabi/lib/thumb/v7-m/libc_nano.a(lib_a-stdio.o)
                0x0000000008001f28                __sread
 .text.__swrite
                0x0000000008001f4a       0x38 /opt/gcc-arm-none-eabi-7-2018-q2-update/bin/../lib/gcc/arm-none-eabi/7.3.1/../../../../arm-none-eabi/lib/thumb/v7-m/libc_nano.a(lib_a-stdio.o)
                0x0000000008001f4a                __swrite
 .text.__sseek  0x0000000008001f82       0x24 /opt/gcc-arm-none-eabi-7-2018-q2-update/bin/../lib/gcc/arm-none-eabi/7.3.1/../../../../arm-none-eabi/lib/thumb/v7-m/libc_nano.a(lib_a-stdio.o)
                0x0000000008001f82                __sseek
 .text.__sclose
                0x0000000008001fa6        0x8 /opt/gcc-arm-none-eabi-7-2018-q2-update/bin/../lib/gcc/arm-none-eabi/7.3.1/../../../../arm-none-eabi/lib/thumb/v7-m/libc_nano.a(lib_a-stdio.o)
                0x0000000008001fa6                __sclose
 .text          0x0000000008001fae       0x14 /opt/gcc-arm-none-eabi-7-2018-q2-update/bin/../lib/gcc/arm-none-eabi/7.3.1/../../../../arm-none-eabi/lib/thumb/v7-m/libc_nano.a(lib_a-strcmp.o)
                0x0000000008001fae                strcmp
 *fill*         0x0000000008001fc2        0x2 
 .text.__swbuf_r
                0x0000000008001fc4       0xa4 /opt/gcc-arm-none-eabi-7-2018-q2-update/bin/../lib/gcc/arm-none-eabi/7.3.1/../../../../arm-none-eabi/lib/thumb/v7-m/libc_nano.a(lib_a-wbuf.o)
                0x0000000008001fc4                __swbuf_r
 .text.__swsetup_r
                0x0000000008002068       0xdc /opt/gcc-arm-none-eabi-7-2018-q2-update/bin/../lib/gcc/arm-none-eabi/7.3.1/../../../../arm-none-eabi/lib/thumb/v7-m/libc_nano.a(lib_a-wsetup.o)
                0x0000000008002068                __swsetup_r
 .text._getc_r  0x0000000008002144       0x58 /opt/gcc-arm-none-eabi-7-2018-q2-update/bin/../lib/gcc/arm-none-eabi/7.3.1/../../../../arm-none-eabi/lib/thumb/v7-m/libc_nano.a(lib_a-getc.o)
                0x0000000008002144                _getc_r
 .text.__swhatbuf_r
                0x000000000800219c       0x48 /opt/gcc-arm-none-eabi-7-2018-q2-update/bin/../lib/gcc/arm-none-eabi/7.3.1/../../../../arm-none-eabi/lib/thumb/v7-m/libc_nano.a(lib_a-makebuf.o)
                0x000000000800219c                __swhatbuf_r
 .text.__smakebuf_r
                0x00000000080021e4       0x80 /opt/gcc-arm-none-eabi-7-2018-q2-update/bin/../lib/gcc/arm-none-eabi/7.3.1/../../../../arm-none-eabi/lib/thumb/v7-m/libc_nano.a(lib_a-makebuf.o)
                0x00000000080021e4                __smakebuf_r
 .text.__malloc_lock
                0x0000000008002264        0x2 /opt/gcc-arm-none-eabi-7-2018-q2-update/bin/../lib/gcc/arm-none-eabi/7.3.1/../../../../arm-none-eabi/lib/thumb/v7-m/libc_nano.a(lib_a-mlock.o)
                0x0000000008002264                __malloc_lock
 .text.__malloc_unlock
                0x0000000008002266        0x2 /opt/gcc-arm-none-eabi-7-2018-q2-update/bin/../lib/gcc/arm-none-eabi/7.3.1/../../../../arm-none-eabi/lib/thumb/v7-m/libc_nano.a(lib_a-mlock.o)
                0x0000000008002266                __malloc_unlock
 .text.__sfputc_r
                0x0000000008002268       0x2a /opt/gcc-arm-none-eabi-7-2018-q2-update/bin/../lib/gcc/arm-none-eabi/7.3.1/../../../../arm-none-eabi/lib/thumb/v7-m/libc_nano.a(lib_a-nano-vfprintf.o)
 .text.__sfputs_r
                0x0000000008002292       0x24 /opt/gcc-arm-none-eabi-7-2018-q2-update/bin/../lib/gcc/arm-none-eabi/7.3.1/../../../../arm-none-eabi/lib/thumb/v7-m/libc_nano.a(lib_a-nano-vfprintf.o)
                0x0000000008002292                __sfputs_r
 *fill*         0x00000000080022b6        0x2 
 .text._vfprintf_r
                0x00000000080022b8      0x22c /opt/gcc-arm-none-eabi-7-2018-q2-update/bin/../lib/gcc/arm-none-eabi/7.3.1/../../../../arm-none-eabi/lib/thumb/v7-m/libc_nano.a(lib_a-nano-vfprintf.o)
                0x00000000080022b8                _vfiprintf_r
                0x00000000080022b8                _vfprintf_r
 .text._printf_common
                0x00000000080024e4       0xec /opt/gcc-arm-none-eabi-7-2018-q2-update/bin/../lib/gcc/arm-none-eabi/7.3.1/../../../../arm-none-eabi/lib/thumb/v7-m/libc_nano.a(lib_a-nano-vfprintf_i.o)
                0x00000000080024e4                _printf_common
 .text._printf_i
                0x00000000080025d0      0x224 /opt/gcc-arm-none-eabi-7-2018-q2-update/bin/../lib/gcc/arm-none-eabi/7.3.1/../../../../arm-none-eabi/lib/thumb/v7-m/libc_nano.a(lib_a-nano-vfprintf_i.o)
                0x00000000080025d0                _printf_i
 .text._putc_r  0x00000000080027f4       0x6c /opt/gcc-arm-none-eabi-7-2018-q2-update/bin/../lib/gcc/arm-none-eabi/7.3.1/../../../../arm-none-eabi/lib/thumb/v7-m/libc_nano.a(lib_a-putc.o)
                0x00000000080027f4                _putc_r
 .text.__srget_r
                0x0000000008002860       0x58 /opt/gcc-arm-none-eabi-7-2018-q2-update/bin/../lib/gcc/arm-none-eabi/7.3.1/../../../../arm-none-eabi/lib/thumb/v7-m/libc_nano.a(lib_a-rget.o)
                0x0000000008002860                __srget_r
 .text.memchr   0x00000000080028b8       0x1c /opt/gcc-arm-none-eabi-7-2018-q2-update/bin/../lib/gcc/arm-none-eabi/7.3.1/../../../../arm-none-eabi/lib/thumb/v7-m/libc_nano.a(lib_a-memchr-stub.o)
                0x00000000080028b8                memchr
 .text.lflush   0x00000000080028d4       0x12 /opt/gcc-arm-none-eabi-7-2018-q2-update/bin/../lib/gcc/arm-none-eabi/7.3.1/../../../../arm-none-eabi/lib/thumb/v7-m/libc_nano.a(lib_a-refill.o)
 *fill*         0x00000000080028e6        0x2 
 .text.__srefill_r
                0x00000000080028e8      0x118 /opt/gcc-arm-none-eabi-7-2018-q2-update/bin/../lib/gcc/arm-none-eabi/7.3.1/../../../../arm-none-eabi/lib/thumb/v7-m/libc_nano.a(lib_a-refill.o)
                0x00000000080028e8                __srefill_r
 *(.glue_7t)
 .glue_7t       0x0000000008002a00        0x0 linker stubs
 *(.glue_7)
 .glue_7        0x0000000008002a00        0x0 linker stubs
 *(.rodata .rodata* .gnu.linkonce.r.*)
 .rodata.bus_fault_default.str1.1
                0x0000000008002a00       0x12 /senslab/users/luca/nrg-5/nrg-5-task4/bin/iotlab-a8-m3/cortexm_common.a(vectors_cortexm.o)
 .rodata.debug_mon_default.str1.1
                0x0000000008002a12       0x12 /senslab/users/luca/nrg-5/nrg-5-task4/bin/iotlab-a8-m3/cortexm_common.a(vectors_cortexm.o)
 .rodata.dummy_handler_default.str1.1
                0x0000000008002a24        0xe /senslab/users/luca/nrg-5/nrg-5-task4/bin/iotlab-a8-m3/cortexm_common.a(vectors_cortexm.o)
 .rodata.hard_fault_handler.str1.1
                0x0000000008002a32      0x1f4 /senslab/users/luca/nrg-5/nrg-5-task4/bin/iotlab-a8-m3/cortexm_common.a(vectors_cortexm.o)
 .rodata.mem_manage_default.str1.1
                0x0000000008002c26       0x13 /senslab/users/luca/nrg-5/nrg-5-task4/bin/iotlab-a8-m3/cortexm_common.a(vectors_cortexm.o)
 .rodata.nmi_default.str1.1
                0x0000000008002c39        0xc /senslab/users/luca/nrg-5/nrg-5-task4/bin/iotlab-a8-m3/cortexm_common.a(vectors_cortexm.o)
 .rodata.usage_fault_default.str1.1
                0x0000000008002c45       0x14 /senslab/users/luca/nrg-5/nrg-5-task4/bin/iotlab-a8-m3/cortexm_common.a(vectors_cortexm.o)
 *fill*         0x0000000008002c59        0x3 
 .rodata.uart_config
                0x0000000008002c5c       0x28 /senslab/users/luca/nrg-5/nrg-5-task4/bin/iotlab-a8-m3/stm32_common_periph.a(uart.o)
 .rodata.assert_crash_message
                0x0000000008002c84       0x12 /senslab/users/luca/nrg-5/nrg-5-task4/bin/iotlab-a8-m3/core.a(panic.o)
                0x0000000008002c84                assert_crash_message
 .rodata.core_panic.str1.1
                0x0000000008002c96       0x2e /senslab/users/luca/nrg-5/nrg-5-task4/bin/iotlab-a8-m3/core.a(panic.o)
                                         0x30 (size before relaxing)
 .rodata.main_trampoline.str1.1
                0x0000000008002cc4       0x39 /senslab/users/luca/nrg-5/nrg-5-task4/bin/iotlab-a8-m3/core.a(kernel_init.o)
 .rodata.str1.1
                0x0000000008002cfd        0xa /senslab/users/luca/nrg-5/nrg-5-task4/bin/iotlab-a8-m3/core.a(kernel_init.o)
 .rodata        0x0000000008002d07        0x2 /senslab/users/luca/nrg-5/nrg-5-task4/bin/iotlab-a8-m3/ps.a(ps.o)
 .rodata.ps.str1.1
                0x0000000008002d09       0xfd /senslab/users/luca/nrg-5/nrg-5-task4/bin/iotlab-a8-m3/ps.a(ps.o)
 *fill*         0x0000000008002e06        0x2 
 .rodata.state_names
                0x0000000008002e08       0x30 /senslab/users/luca/nrg-5/nrg-5-task4/bin/iotlab-a8-m3/ps.a(ps.o)
 .rodata.str1.1
                0x0000000008002e38       0x5b /senslab/users/luca/nrg-5/nrg-5-task4/bin/iotlab-a8-m3/ps.a(ps.o)
 .rodata.apbmul
                0x0000000008002e93        0x2 /senslab/users/luca/nrg-5/nrg-5-task4/bin/iotlab-a8-m3/stm32_common.a(cpu_common.o)
 *fill*         0x0000000008002e95        0x3 
 .rodata.timer_config
                0x0000000008002e98       0x20 /senslab/users/luca/nrg-5/nrg-5-task4/bin/iotlab-a8-m3/stm32_common_periph.a(timer.o)
 .rodata.main.str1.1
                0x0000000008002eb8       0x17 /senslab/users/luca/nrg-5/nrg-5-task4/bin/iotlab-a8-m3/application_nrg-5-task4.a(main.o)
 .rodata.thread_handler.str1.1
                0x0000000008002ecf       0x20 /senslab/users/luca/nrg-5/nrg-5-task4/bin/iotlab-a8-m3/application_nrg-5-task4.a(main.o)
 .rodata.shell_run.str1.1
                0x0000000008002eef       0x82 /senslab/users/luca/nrg-5/nrg-5-task4/bin/iotlab-a8-m3/shell.a(shell.o)
 *fill*         0x0000000008002f71        0x3 
 .rodata._shell_command_list
                0x0000000008002f74       0x24 /senslab/users/luca/nrg-5/nrg-5-task4/bin/iotlab-a8-m3/shell_commands.a(shell_commands.o)
                0x0000000008002f74                _shell_command_list
 .rodata.str1.1
                0x0000000008002f98       0x44 /senslab/users/luca/nrg-5/nrg-5-task4/bin/iotlab-a8-m3/shell_commands.a(shell_commands.o)
 .rodata.__sf_fake_stderr
                0x0000000008002fdc       0x20 /opt/gcc-arm-none-eabi-7-2018-q2-update/bin/../lib/gcc/arm-none-eabi/7.3.1/../../../../arm-none-eabi/lib/thumb/v7-m/libc_nano.a(lib_a-findfp.o)
                0x0000000008002fdc                __sf_fake_stderr
 .rodata.__sf_fake_stdin
                0x0000000008002ffc       0x20 /opt/gcc-arm-none-eabi-7-2018-q2-update/bin/../lib/gcc/arm-none-eabi/7.3.1/../../../../arm-none-eabi/lib/thumb/v7-m/libc_nano.a(lib_a-findfp.o)
                0x0000000008002ffc                __sf_fake_stdin
 .rodata.__sf_fake_stdout
                0x000000000800301c       0x20 /opt/gcc-arm-none-eabi-7-2018-q2-update/bin/../lib/gcc/arm-none-eabi/7.3.1/../../../../arm-none-eabi/lib/thumb/v7-m/libc_nano.a(lib_a-findfp.o)
                0x000000000800301c                __sf_fake_stdout
 .rodata._global_impure_ptr
                0x000000000800303c        0x4 /opt/gcc-arm-none-eabi-7-2018-q2-update/bin/../lib/gcc/arm-none-eabi/7.3.1/../../../../arm-none-eabi/lib/thumb/v7-m/libc_nano.a(lib_a-impure.o)
                0x000000000800303c                _global_impure_ptr
 .rodata._vfprintf_r.str1.1
                0x0000000008003040       0x11 /opt/gcc-arm-none-eabi-7-2018-q2-update/bin/../lib/gcc/arm-none-eabi/7.3.1/../../../../arm-none-eabi/lib/thumb/v7-m/libc_nano.a(lib_a-nano-vfprintf.o)
 .rodata._printf_i.str1.1
                0x0000000008003051       0x22 /opt/gcc-arm-none-eabi-7-2018-q2-update/bin/../lib/gcc/arm-none-eabi/7.3.1/../../../../arm-none-eabi/lib/thumb/v7-m/libc_nano.a(lib_a-nano-vfprintf_i.o)
 *(.ARM.extab* .gnu.linkonce.armextab.*)
                0x0000000008003074                . = ALIGN (0x4)
 *fill*         0x0000000008003073        0x1 
 *(.init)
                0x0000000008003074                . = ALIGN (0x4)
                0x0000000008003074                __preinit_array_start = .
 *(.preinit_array)
                0x0000000008003074                __preinit_array_end = .
                0x0000000008003074                . = ALIGN (0x4)
                0x0000000008003074                __init_array_start = .
 *(SORT_BY_NAME(.init_array.*))
 *(.init_array)
                0x0000000008003074                __init_array_end = .
                0x0000000008003074                . = ALIGN (0x4)
 *crtbegin.o(.ctors)
 *(EXCLUDE_FILE(*crtend.o) .ctors)
 *(SORT_BY_NAME(.ctors.*))
 *crtend.o(.ctors)
                0x0000000008003074                . = ALIGN (0x4)
 *(.fini)
                0x0000000008003074                . = ALIGN (0x4)
                0x0000000008003074                __fini_array_start = .
 *(.fini_array)
 *(SORT_BY_NAME(.fini_array.*))
                0x0000000008003074                __fini_array_end = .
 *crtbegin.o(.dtors)
 *(EXCLUDE_FILE(*crtend.o) .dtors)
 *(SORT_BY_NAME(.dtors.*))
 *crtend.o(.dtors)
                0x0000000008003074                . = ALIGN (0x4)
                0x0000000008003074                _efixed = .
                [!provide]                        PROVIDE (__exidx_start = .)

.vfp11_veneer   0x0000000008003074        0x0
 .vfp11_veneer  0x0000000008003074        0x0 linker stubs

.v4_bx          0x0000000008003074        0x0
 .v4_bx         0x0000000008003074        0x0 linker stubs

.iplt           0x0000000008003074        0x0
 .iplt          0x0000000008003074        0x0 /senslab/users/luca/nrg-5/nrg-5-task4/bin/iotlab-a8-m3/cpu/vectors.o

.igot.plt       0x0000000008003074        0x0
 .igot.plt      0x0000000008003074        0x0 /senslab/users/luca/nrg-5/nrg-5-task4/bin/iotlab-a8-m3/cpu/vectors.o

.rel.dyn        0x0000000008003074        0x0
 .rel.iplt      0x0000000008003074        0x0 /senslab/users/luca/nrg-5/nrg-5-task4/bin/iotlab-a8-m3/cpu/vectors.o

.ARM.exidx
 *(.ARM.exidx* .gnu.linkonce.armexidx.*)
                [!provide]                        PROVIDE (__exidx_end = .)
                0x0000000008003074                . = ALIGN (0x4)

.eh_frame
 *(.eh_frame)
                0x0000000008003074                . = ALIGN (0x4)
                0x0000000008003074                _etext = .

.stack          0x0000000020000000      0x200
 *(.puf)
                0x0000000020000000                . = ALIGN (0x8)
                0x0000000020000000                _sstack = .
 *(.isr_stack)
 .isr_stack     0x0000000020000000      0x200 /senslab/users/luca/nrg-5/nrg-5-task4/bin/iotlab-a8-m3/cortexm_common.a(vectors_cortexm.o)
                0x0000000020000000                isr_stack
                0x0000000020000200                . = ALIGN (0x8)
                0x0000000020000200                _estack = .

.relocate       0x0000000020000200       0x8c load address 0x0000000008003074
                0x0000000020000200                . = ALIGN (0x4)
                0x0000000020000200                _srelocate = .
 *(.ramfunc .ramfunc.*)
 *(.data .data.*)
 .data.heap_top
                0x0000000020000200        0x4 /senslab/users/luca/nrg-5/nrg-5-task4/bin/iotlab-a8-m3/newlib_syscalls_default/syscalls.o
                0x0000000020000200                heap_top
 .data.stdio_uart_isrpipe
                0x0000000020000204       0x14 /senslab/users/luca/nrg-5/nrg-5-task4/bin/iotlab-a8-m3/stdio_uart.a(stdio_uart.o)
                0x0000000020000204                stdio_uart_isrpipe
 .data.idle_name
                0x0000000020000218        0x4 /senslab/users/luca/nrg-5/nrg-5-task4/bin/iotlab-a8-m3/core.a(kernel_init.o)
                0x0000000020000218                idle_name
 .data.main_name
                0x000000002000021c        0x4 /senslab/users/luca/nrg-5/nrg-5-task4/bin/iotlab-a8-m3/core.a(kernel_init.o)
                0x000000002000021c                main_name
 .data.pm_blocker
                0x0000000020000220        0x4 /senslab/users/luca/nrg-5/nrg-5-task4/bin/iotlab-a8-m3/pm_layered.a(pm.o)
                0x0000000020000220                pm_blocker
 .data._impure_ptr
                0x0000000020000224        0x4 /opt/gcc-arm-none-eabi-7-2018-q2-update/bin/../lib/gcc/arm-none-eabi/7.3.1/../../../../arm-none-eabi/lib/thumb/v7-m/libc_nano.a(lib_a-impure.o)
                0x0000000020000224                _impure_ptr
 .data.impure_data
                0x0000000020000228       0x60 /opt/gcc-arm-none-eabi-7-2018-q2-update/bin/../lib/gcc/arm-none-eabi/7.3.1/../../../../arm-none-eabi/lib/thumb/v7-m/libc_nano.a(lib_a-impure.o)
 *(.openocd .openocd.*)
 .openocd       0x0000000020000288        0x2 /senslab/users/luca/nrg-5/nrg-5-task4/bin/iotlab-a8-m3/core.a(sched.o)
                0x0000000020000288                _tcb_name_offset
                0x0000000020000289                max_threads
                0x000000002000028c                . = ALIGN (0x4)
 *fill*         0x000000002000028a        0x2 
                0x000000002000028c                _erelocate = .

.bss            0x000000002000028c      0xe5c load address 0x0000000008003100
                0x000000002000028c                . = ALIGN (0x4)
                0x000000002000028c                _sbss = .
                0x000000002000028c                _szero = .
 *(.bss .bss.*)
 .bss.runqueue_bitcache
                0x000000002000028c        0x4 /senslab/users/luca/nrg-5/nrg-5-task4/bin/iotlab-a8-m3/core.a(sched.o)
 .bss.sched_active_pid
                0x0000000020000290        0x2 /senslab/users/luca/nrg-5/nrg-5-task4/bin/iotlab-a8-m3/core.a(sched.o)
                0x0000000020000290                sched_active_pid
 *fill*         0x0000000020000292        0x2 
 .bss.sched_active_thread
                0x0000000020000294        0x4 /senslab/users/luca/nrg-5/nrg-5-task4/bin/iotlab-a8-m3/core.a(sched.o)
                0x0000000020000294                sched_active_thread
 .bss.sched_context_switch_request
                0x0000000020000298        0x4 /senslab/users/luca/nrg-5/nrg-5-task4/bin/iotlab-a8-m3/core.a(sched.o)
                0x0000000020000298                sched_context_switch_request
 .bss.sched_num_threads
                0x000000002000029c        0x4 /senslab/users/luca/nrg-5/nrg-5-task4/bin/iotlab-a8-m3/core.a(sched.o)
                0x000000002000029c                sched_num_threads
 .bss.sched_runqueues
                0x00000000200002a0       0x40 /senslab/users/luca/nrg-5/nrg-5-task4/bin/iotlab-a8-m3/core.a(sched.o)
                0x00000000200002a0                sched_runqueues
 .bss.sched_threads
                0x00000000200002e0       0x84 /senslab/users/luca/nrg-5/nrg-5-task4/bin/iotlab-a8-m3/core.a(sched.o)
                0x00000000200002e0                sched_threads
 .bss._rx_buf_mem
                0x0000000020000364       0x40 /senslab/users/luca/nrg-5/nrg-5-task4/bin/iotlab-a8-m3/stdio_uart.a(stdio_uart.o)
 .bss.isr_ctx   0x00000000200003a4       0x10 /senslab/users/luca/nrg-5/nrg-5-task4/bin/iotlab-a8-m3/stm32_common_periph.a(uart.o)
 .bss._in_handler
                0x00000000200003b4        0x4 /senslab/users/luca/nrg-5/nrg-5-task4/bin/iotlab-a8-m3/xtimer.a(xtimer_core.o)
 .bss._long_cnt
                0x00000000200003b8        0x4 /senslab/users/luca/nrg-5/nrg-5-task4/bin/iotlab-a8-m3/xtimer.a(xtimer_core.o)
 .bss._xtimer_high_cnt
                0x00000000200003bc        0x4 /senslab/users/luca/nrg-5/nrg-5-task4/bin/iotlab-a8-m3/xtimer.a(xtimer_core.o)
                0x00000000200003bc                _xtimer_high_cnt
 .bss.long_list_head
                0x00000000200003c0        0x4 /senslab/users/luca/nrg-5/nrg-5-task4/bin/iotlab-a8-m3/xtimer.a(xtimer_core.o)
 .bss.overflow_list_head
                0x00000000200003c4        0x4 /senslab/users/luca/nrg-5/nrg-5-task4/bin/iotlab-a8-m3/xtimer.a(xtimer_core.o)
 .bss.timer_list_head
                0x00000000200003c8        0x4 /senslab/users/luca/nrg-5/nrg-5-task4/bin/iotlab-a8-m3/xtimer.a(xtimer_core.o)
 .bss.crashed   0x00000000200003cc        0x4 /senslab/users/luca/nrg-5/nrg-5-task4/bin/iotlab-a8-m3/core.a(panic.o)
 .bss.idle_stack
                0x00000000200003d0      0x100 /senslab/users/luca/nrg-5/nrg-5-task4/bin/iotlab-a8-m3/core.a(kernel_init.o)
 .bss.main_stack
                0x00000000200004d0      0x600 /senslab/users/luca/nrg-5/nrg-5-task4/bin/iotlab-a8-m3/core.a(kernel_init.o)
 .bss.isr_ctx   0x0000000020000ad0       0x10 /senslab/users/luca/nrg-5/nrg-5-task4/bin/iotlab-a8-m3/stm32_common_periph.a(timer.o)
 .bss.stack     0x0000000020000ae0      0x600 /senslab/users/luca/nrg-5/nrg-5-task4/bin/iotlab-a8-m3/application_nrg-5-task4.a(main.o)
                0x0000000020000ae0                stack
 .bss.__malloc_free_list
                0x00000000200010e0        0x4 /opt/gcc-arm-none-eabi-7-2018-q2-update/bin/../lib/gcc/arm-none-eabi/7.3.1/../../../../arm-none-eabi/lib/thumb/v7-m/libc_nano.a(lib_a-nano-mallocr.o)
                0x00000000200010e0                __malloc_free_list
 .bss.__malloc_sbrk_start
                0x00000000200010e4        0x4 /opt/gcc-arm-none-eabi-7-2018-q2-update/bin/../lib/gcc/arm-none-eabi/7.3.1/../../../../arm-none-eabi/lib/thumb/v7-m/libc_nano.a(lib_a-nano-mallocr.o)
                0x00000000200010e4                __malloc_sbrk_start
 *(COMMON)
                0x00000000200010e8                . = ALIGN (0x4)
                0x00000000200010e8                _ebss = .
                0x00000000200010e8                _ezero = .
                0x00000000200010e8                . = ALIGN (0x4)
                0x00000000200010e8                _sheap = .
                0x0000000020010000                _eheap = (ORIGIN (ram) + LENGTH (ram))
                0x0000000020000000                _sram = ORIGIN (ram)
                0x0000000020010000                _eram = (ORIGIN (ram) + LENGTH (ram))
OUTPUT(/senslab/users/luca/nrg-5/nrg-5-task4/bin/iotlab-a8-m3/nrg-5-task4.elf elf32-littlearm)

.debug_info     0x0000000000000000    0x23369
 .debug_info    0x0000000000000000       0xfe /senslab/users/luca/nrg-5/nrg-5-task4/bin/iotlab-a8-m3/cpu/vectors.o
 .debug_info    0x00000000000000fe     0x1b55 /senslab/users/luca/nrg-5/nrg-5-task4/bin/iotlab-a8-m3/newlib_syscalls_default/syscalls.o
 .debug_info    0x0000000000001c53      0xde1 /senslab/users/luca/nrg-5/nrg-5-task4/bin/iotlab-a8-m3/core.a(sched.o)
 .debug_info    0x0000000000002a34      0xf77 /senslab/users/luca/nrg-5/nrg-5-task4/bin/iotlab-a8-m3/cortexm_common.a(thread_arch.o)
 .debug_info    0x00000000000039ab     0x19c0 /senslab/users/luca/nrg-5/nrg-5-task4/bin/iotlab-a8-m3/cortexm_common.a(vectors_cortexm.o)
 .debug_info    0x000000000000536b      0xc88 /senslab/users/luca/nrg-5/nrg-5-task4/bin/iotlab-a8-m3/cortexm_common.a(irq_arch.o)
 .debug_info    0x0000000000005ff3     0x1356 /senslab/users/luca/nrg-5/nrg-5-task4/bin/iotlab-a8-m3/stdio_uart.a(stdio_uart.o)
 .debug_info    0x0000000000007349     0x1a18 /senslab/users/luca/nrg-5/nrg-5-task4/bin/iotlab-a8-m3/stm32_common_periph.a(uart.o)
 .debug_info    0x0000000000008d61      0xe09 /senslab/users/luca/nrg-5/nrg-5-task4/bin/iotlab-a8-m3/stm32_common_periph.a(pm.o)
 .debug_info    0x0000000000009b6a     0x1ea3 /senslab/users/luca/nrg-5/nrg-5-task4/bin/iotlab-a8-m3/xtimer.a(xtimer_core.o)
 .debug_info    0x000000000000ba0d     0x122a /senslab/users/luca/nrg-5/nrg-5-task4/bin/iotlab-a8-m3/boards_common_iotlab.a(board_init.o)
 .debug_info    0x000000000000cc37      0xd01 /senslab/users/luca/nrg-5/nrg-5-task4/bin/iotlab-a8-m3/core.a(panic.o)
 .debug_info    0x000000000000d938      0xd42 /senslab/users/luca/nrg-5/nrg-5-task4/bin/iotlab-a8-m3/core.a(kernel_init.o)
 .debug_info    0x000000000000e67a     0x11a7 /senslab/users/luca/nrg-5/nrg-5-task4/bin/iotlab-a8-m3/core.a(thread.o)
 .debug_info    0x000000000000f821     0x1773 /senslab/users/luca/nrg-5/nrg-5-task4/bin/iotlab-a8-m3/isrpipe.a(isrpipe.o)
 .debug_info    0x0000000000010f94     0x15fd /senslab/users/luca/nrg-5/nrg-5-task4/bin/iotlab-a8-m3/periph.a(gpio.o)
 .debug_info    0x0000000000012591      0xd07 /senslab/users/luca/nrg-5/nrg-5-task4/bin/iotlab-a8-m3/pm_layered.a(pm.o)
 .debug_info    0x0000000000013298      0xd50 /senslab/users/luca/nrg-5/nrg-5-task4/bin/iotlab-a8-m3/ps.a(ps.o)
 .debug_info    0x0000000000013fe8     0x128d /senslab/users/luca/nrg-5/nrg-5-task4/bin/iotlab-a8-m3/stm32_common.a(stmclk.o)
 .debug_info    0x0000000000015275     0x1254 /senslab/users/luca/nrg-5/nrg-5-task4/bin/iotlab-a8-m3/stm32_common.a(stmclk_common.o)
 .debug_info    0x00000000000164c9      0xbac /senslab/users/luca/nrg-5/nrg-5-task4/bin/iotlab-a8-m3/stm32_common.a(cpu_init.o)
 .debug_info    0x0000000000017075     0x12d5 /senslab/users/luca/nrg-5/nrg-5-task4/bin/iotlab-a8-m3/stm32_common.a(cpu_common.o)
 .debug_info    0x000000000001834a     0x17c8 /senslab/users/luca/nrg-5/nrg-5-task4/bin/iotlab-a8-m3/stm32_common_periph.a(timer.o)
 .debug_info    0x0000000000019b12      0x39e /senslab/users/luca/nrg-5/nrg-5-task4/bin/iotlab-a8-m3/tsrb.a(tsrb.o)
 .debug_info    0x0000000000019eb0       0x3b /senslab/users/luca/nrg-5/nrg-5-task4/bin/iotlab-a8-m3/periph_common.a(init.o)
 .debug_info    0x0000000000019eeb     0x13e8 /senslab/users/luca/nrg-5/nrg-5-task4/bin/iotlab-a8-m3/application_nrg-5-task4.a(main.o)
 .debug_info    0x000000000001b2d3     0x112f /senslab/users/luca/nrg-5/nrg-5-task4/bin/iotlab-a8-m3/auto_init.a(auto_init.o)
 .debug_info    0x000000000001c402      0xe4c /senslab/users/luca/nrg-5/nrg-5-task4/bin/iotlab-a8-m3/core.a(mutex.o)
 .debug_info    0x000000000001d24e     0x10ad /senslab/users/luca/nrg-5/nrg-5-task4/bin/iotlab-a8-m3/cortexm_common.a(cortexm_init.o)
 .debug_info    0x000000000001e2fb      0xf6d /senslab/users/luca/nrg-5/nrg-5-task4/bin/iotlab-a8-m3/shell.a(shell.o)
 .debug_info    0x000000000001f268      0x90e /senslab/users/luca/nrg-5/nrg-5-task4/bin/iotlab-a8-m3/shell_commands.a(shell_commands.o)
 .debug_info    0x000000000001fb76      0xb66 /senslab/users/luca/nrg-5/nrg-5-task4/bin/iotlab-a8-m3/shell_commands.a(sc_sys.o)
 .debug_info    0x00000000000206dc       0x8e /senslab/users/luca/nrg-5/nrg-5-task4/bin/iotlab-a8-m3/shell_commands.a(sc_ps.o)
 .debug_info    0x000000000002076a     0x1ed1 /senslab/users/luca/nrg-5/nrg-5-task4/bin/iotlab-a8-m3/xtimer.a(xtimer.o)
 .debug_info    0x000000000002263b      0xd2e /senslab/users/luca/nrg-5/nrg-5-task4/bin/iotlab-a8-m3/cortexm_common_periph.a(pm.o)

.debug_abbrev   0x0000000000000000     0x58b7
 .debug_abbrev  0x0000000000000000       0xc5 /senslab/users/luca/nrg-5/nrg-5-task4/bin/iotlab-a8-m3/cpu/vectors.o
 .debug_abbrev  0x00000000000000c5      0x431 /senslab/users/luca/nrg-5/nrg-5-task4/bin/iotlab-a8-m3/newlib_syscalls_default/syscalls.o
 .debug_abbrev  0x00000000000004f6      0x322 /senslab/users/luca/nrg-5/nrg-5-task4/bin/iotlab-a8-m3/core.a(sched.o)
 .debug_abbrev  0x0000000000000818      0x33c /senslab/users/luca/nrg-5/nrg-5-task4/bin/iotlab-a8-m3/cortexm_common.a(thread_arch.o)
 .debug_abbrev  0x0000000000000b54      0x3c7 /senslab/users/luca/nrg-5/nrg-5-task4/bin/iotlab-a8-m3/cortexm_common.a(vectors_cortexm.o)
 .debug_abbrev  0x0000000000000f1b      0x24f /senslab/users/luca/nrg-5/nrg-5-task4/bin/iotlab-a8-m3/cortexm_common.a(irq_arch.o)
 .debug_abbrev  0x000000000000116a      0x25a /senslab/users/luca/nrg-5/nrg-5-task4/bin/iotlab-a8-m3/stdio_uart.a(stdio_uart.o)
 .debug_abbrev  0x00000000000013c4      0x400 /senslab/users/luca/nrg-5/nrg-5-task4/bin/iotlab-a8-m3/stm32_common_periph.a(uart.o)
 .debug_abbrev  0x00000000000017c4      0x271 /senslab/users/luca/nrg-5/nrg-5-task4/bin/iotlab-a8-m3/stm32_common_periph.a(pm.o)
 .debug_abbrev  0x0000000000001a35      0x523 /senslab/users/luca/nrg-5/nrg-5-task4/bin/iotlab-a8-m3/xtimer.a(xtimer_core.o)
 .debug_abbrev  0x0000000000001f58      0x219 /senslab/users/luca/nrg-5/nrg-5-task4/bin/iotlab-a8-m3/boards_common_iotlab.a(board_init.o)
 .debug_abbrev  0x0000000000002171      0x281 /senslab/users/luca/nrg-5/nrg-5-task4/bin/iotlab-a8-m3/core.a(panic.o)
 .debug_abbrev  0x00000000000023f2      0x241 /senslab/users/luca/nrg-5/nrg-5-task4/bin/iotlab-a8-m3/core.a(kernel_init.o)
 .debug_abbrev  0x0000000000002633      0x336 /senslab/users/luca/nrg-5/nrg-5-task4/bin/iotlab-a8-m3/core.a(thread.o)
 .debug_abbrev  0x0000000000002969      0x340 /senslab/users/luca/nrg-5/nrg-5-task4/bin/iotlab-a8-m3/isrpipe.a(isrpipe.o)
 .debug_abbrev  0x0000000000002ca9      0x2e9 /senslab/users/luca/nrg-5/nrg-5-task4/bin/iotlab-a8-m3/periph.a(gpio.o)
 .debug_abbrev  0x0000000000002f92      0x21b /senslab/users/luca/nrg-5/nrg-5-task4/bin/iotlab-a8-m3/pm_layered.a(pm.o)
 .debug_abbrev  0x00000000000031ad      0x228 /senslab/users/luca/nrg-5/nrg-5-task4/bin/iotlab-a8-m3/ps.a(ps.o)
 .debug_abbrev  0x00000000000033d5      0x1fe /senslab/users/luca/nrg-5/nrg-5-task4/bin/iotlab-a8-m3/stm32_common.a(stmclk.o)
 .debug_abbrev  0x00000000000035d3      0x1f6 /senslab/users/luca/nrg-5/nrg-5-task4/bin/iotlab-a8-m3/stm32_common.a(stmclk_common.o)
 .debug_abbrev  0x00000000000037c9      0x206 /senslab/users/luca/nrg-5/nrg-5-task4/bin/iotlab-a8-m3/stm32_common.a(cpu_init.o)
 .debug_abbrev  0x00000000000039cf      0x29f /senslab/users/luca/nrg-5/nrg-5-task4/bin/iotlab-a8-m3/stm32_common.a(cpu_common.o)
 .debug_abbrev  0x0000000000003c6e      0x39b /senslab/users/luca/nrg-5/nrg-5-task4/bin/iotlab-a8-m3/stm32_common_periph.a(timer.o)
 .debug_abbrev  0x0000000000004009      0x193 /senslab/users/luca/nrg-5/nrg-5-task4/bin/iotlab-a8-m3/tsrb.a(tsrb.o)
 .debug_abbrev  0x000000000000419c       0x2f /senslab/users/luca/nrg-5/nrg-5-task4/bin/iotlab-a8-m3/periph_common.a(init.o)
 .debug_abbrev  0x00000000000041cb      0x2ea /senslab/users/luca/nrg-5/nrg-5-task4/bin/iotlab-a8-m3/application_nrg-5-task4.a(main.o)
 .debug_abbrev  0x00000000000044b5      0x1e4 /senslab/users/luca/nrg-5/nrg-5-task4/bin/iotlab-a8-m3/auto_init.a(auto_init.o)
 .debug_abbrev  0x0000000000004699      0x29e /senslab/users/luca/nrg-5/nrg-5-task4/bin/iotlab-a8-m3/core.a(mutex.o)
 .debug_abbrev  0x0000000000004937      0x2b2 /senslab/users/luca/nrg-5/nrg-5-task4/bin/iotlab-a8-m3/cortexm_common.a(cortexm_init.o)
 .debug_abbrev  0x0000000000004be9      0x344 /senslab/users/luca/nrg-5/nrg-5-task4/bin/iotlab-a8-m3/shell.a(shell.o)
 .debug_abbrev  0x0000000000004f2d      0x16a /senslab/users/luca/nrg-5/nrg-5-task4/bin/iotlab-a8-m3/shell_commands.a(shell_commands.o)
 .debug_abbrev  0x0000000000005097      0x1bc /senslab/users/luca/nrg-5/nrg-5-task4/bin/iotlab-a8-m3/shell_commands.a(sc_sys.o)
 .debug_abbrev  0x0000000000005253       0x7d /senslab/users/luca/nrg-5/nrg-5-task4/bin/iotlab-a8-m3/shell_commands.a(sc_ps.o)
 .debug_abbrev  0x00000000000052d0      0x41e /senslab/users/luca/nrg-5/nrg-5-task4/bin/iotlab-a8-m3/xtimer.a(xtimer.o)
 .debug_abbrev  0x00000000000056ee      0x1c9 /senslab/users/luca/nrg-5/nrg-5-task4/bin/iotlab-a8-m3/cortexm_common_periph.a(pm.o)

.debug_aranges  0x0000000000000000      0x858
 .debug_aranges
                0x0000000000000000       0x20 /senslab/users/luca/nrg-5/nrg-5-task4/bin/iotlab-a8-m3/cpu/vectors.o
 .debug_aranges
                0x0000000000000020       0xb8 /senslab/users/luca/nrg-5/nrg-5-task4/bin/iotlab-a8-m3/newlib_syscalls_default/syscalls.o
 .debug_aranges
                0x00000000000000d8       0x38 /senslab/users/luca/nrg-5/nrg-5-task4/bin/iotlab-a8-m3/core.a(sched.o)
 .debug_aranges
                0x0000000000000110       0x60 /senslab/users/luca/nrg-5/nrg-5-task4/bin/iotlab-a8-m3/cortexm_common.a(thread_arch.o)
 .debug_aranges
                0x0000000000000170       0x68 /senslab/users/luca/nrg-5/nrg-5-task4/bin/iotlab-a8-m3/cortexm_common.a(vectors_cortexm.o)
 .debug_aranges
                0x00000000000001d8       0x38 /senslab/users/luca/nrg-5/nrg-5-task4/bin/iotlab-a8-m3/cortexm_common.a(irq_arch.o)
 .debug_aranges
                0x0000000000000210       0x30 /senslab/users/luca/nrg-5/nrg-5-task4/bin/iotlab-a8-m3/stdio_uart.a(stdio_uart.o)
 .debug_aranges
                0x0000000000000240       0x50 /senslab/users/luca/nrg-5/nrg-5-task4/bin/iotlab-a8-m3/stm32_common_periph.a(uart.o)
 .debug_aranges
                0x0000000000000290       0x28 /senslab/users/luca/nrg-5/nrg-5-task4/bin/iotlab-a8-m3/stm32_common_periph.a(pm.o)
 .debug_aranges
                0x00000000000002b8       0x80 /senslab/users/luca/nrg-5/nrg-5-task4/bin/iotlab-a8-m3/xtimer.a(xtimer_core.o)
 .debug_aranges
                0x0000000000000338       0x20 /senslab/users/luca/nrg-5/nrg-5-task4/bin/iotlab-a8-m3/boards_common_iotlab.a(board_init.o)
 .debug_aranges
                0x0000000000000358       0x28 /senslab/users/luca/nrg-5/nrg-5-task4/bin/iotlab-a8-m3/core.a(panic.o)
 .debug_aranges
                0x0000000000000380       0x30 /senslab/users/luca/nrg-5/nrg-5-task4/bin/iotlab-a8-m3/core.a(kernel_init.o)
 .debug_aranges
                0x00000000000003b0       0x60 /senslab/users/luca/nrg-5/nrg-5-task4/bin/iotlab-a8-m3/core.a(thread.o)
 .debug_aranges
                0x0000000000000410       0x48 /senslab/users/luca/nrg-5/nrg-5-task4/bin/iotlab-a8-m3/isrpipe.a(isrpipe.o)
 .debug_aranges
                0x0000000000000458       0x58 /senslab/users/luca/nrg-5/nrg-5-task4/bin/iotlab-a8-m3/periph.a(gpio.o)
 .debug_aranges
                0x00000000000004b0       0x30 /senslab/users/luca/nrg-5/nrg-5-task4/bin/iotlab-a8-m3/pm_layered.a(pm.o)
 .debug_aranges
                0x00000000000004e0       0x20 /senslab/users/luca/nrg-5/nrg-5-task4/bin/iotlab-a8-m3/ps.a(ps.o)
 .debug_aranges
                0x0000000000000500       0x20 /senslab/users/luca/nrg-5/nrg-5-task4/bin/iotlab-a8-m3/stm32_common.a(stmclk.o)
 .debug_aranges
                0x0000000000000520       0x48 /senslab/users/luca/nrg-5/nrg-5-task4/bin/iotlab-a8-m3/stm32_common.a(stmclk_common.o)
 .debug_aranges
                0x0000000000000568       0x20 /senslab/users/luca/nrg-5/nrg-5-task4/bin/iotlab-a8-m3/stm32_common.a(cpu_init.o)
 .debug_aranges
                0x0000000000000588       0x38 /senslab/users/luca/nrg-5/nrg-5-task4/bin/iotlab-a8-m3/stm32_common.a(cpu_common.o)
 .debug_aranges
                0x00000000000005c0       0x60 /senslab/users/luca/nrg-5/nrg-5-task4/bin/iotlab-a8-m3/stm32_common_periph.a(timer.o)
 .debug_aranges
                0x0000000000000620       0x48 /senslab/users/luca/nrg-5/nrg-5-task4/bin/iotlab-a8-m3/tsrb.a(tsrb.o)
 .debug_aranges
                0x0000000000000668       0x20 /senslab/users/luca/nrg-5/nrg-5-task4/bin/iotlab-a8-m3/periph_common.a(init.o)
 .debug_aranges
                0x0000000000000688       0x28 /senslab/users/luca/nrg-5/nrg-5-task4/bin/iotlab-a8-m3/application_nrg-5-task4.a(main.o)
 .debug_aranges
                0x00000000000006b0       0x20 /senslab/users/luca/nrg-5/nrg-5-task4/bin/iotlab-a8-m3/auto_init.a(auto_init.o)
 .debug_aranges
                0x00000000000006d0       0x30 /senslab/users/luca/nrg-5/nrg-5-task4/bin/iotlab-a8-m3/core.a(mutex.o)
 .debug_aranges
                0x0000000000000700       0x20 /senslab/users/luca/nrg-5/nrg-5-task4/bin/iotlab-a8-m3/cortexm_common.a(cortexm_init.o)
 .debug_aranges
                0x0000000000000720       0x28 /senslab/users/luca/nrg-5/nrg-5-task4/bin/iotlab-a8-m3/shell.a(shell.o)
 .debug_aranges
                0x0000000000000748       0x18 /senslab/users/luca/nrg-5/nrg-5-task4/bin/iotlab-a8-m3/shell_commands.a(shell_commands.o)
 .debug_aranges
                0x0000000000000760       0x20 /senslab/users/luca/nrg-5/nrg-5-task4/bin/iotlab-a8-m3/shell_commands.a(sc_sys.o)
 .debug_aranges
                0x0000000000000780       0x20 /senslab/users/luca/nrg-5/nrg-5-task4/bin/iotlab-a8-m3/shell_commands.a(sc_ps.o)
 .debug_aranges
                0x00000000000007a0       0x98 /senslab/users/luca/nrg-5/nrg-5-task4/bin/iotlab-a8-m3/xtimer.a(xtimer.o)
 .debug_aranges
                0x0000000000000838       0x20 /senslab/users/luca/nrg-5/nrg-5-task4/bin/iotlab-a8-m3/cortexm_common_periph.a(pm.o)

.debug_ranges   0x0000000000000000      0xe98
 .debug_ranges  0x0000000000000000       0x10 /senslab/users/luca/nrg-5/nrg-5-task4/bin/iotlab-a8-m3/cpu/vectors.o
 .debug_ranges  0x0000000000000010      0x108 /senslab/users/luca/nrg-5/nrg-5-task4/bin/iotlab-a8-m3/newlib_syscalls_default/syscalls.o
 .debug_ranges  0x0000000000000118       0x88 /senslab/users/luca/nrg-5/nrg-5-task4/bin/iotlab-a8-m3/core.a(sched.o)
 .debug_ranges  0x00000000000001a0       0xa0 /senslab/users/luca/nrg-5/nrg-5-task4/bin/iotlab-a8-m3/cortexm_common.a(thread_arch.o)
 .debug_ranges  0x0000000000000240       0x58 /senslab/users/luca/nrg-5/nrg-5-task4/bin/iotlab-a8-m3/cortexm_common.a(vectors_cortexm.o)
 .debug_ranges  0x0000000000000298       0x28 /senslab/users/luca/nrg-5/nrg-5-task4/bin/iotlab-a8-m3/cortexm_common.a(irq_arch.o)
 .debug_ranges  0x00000000000002c0       0x20 /senslab/users/luca/nrg-5/nrg-5-task4/bin/iotlab-a8-m3/stdio_uart.a(stdio_uart.o)
 .debug_ranges  0x00000000000002e0       0xa0 /senslab/users/luca/nrg-5/nrg-5-task4/bin/iotlab-a8-m3/stm32_common_periph.a(uart.o)
 .debug_ranges  0x0000000000000380       0x30 /senslab/users/luca/nrg-5/nrg-5-task4/bin/iotlab-a8-m3/stm32_common_periph.a(pm.o)
 .debug_ranges  0x00000000000003b0      0x280 /senslab/users/luca/nrg-5/nrg-5-task4/bin/iotlab-a8-m3/xtimer.a(xtimer_core.o)
 .debug_ranges  0x0000000000000630       0x10 /senslab/users/luca/nrg-5/nrg-5-task4/bin/iotlab-a8-m3/boards_common_iotlab.a(board_init.o)
 .debug_ranges  0x0000000000000640       0x18 /senslab/users/luca/nrg-5/nrg-5-task4/bin/iotlab-a8-m3/core.a(panic.o)
 .debug_ranges  0x0000000000000658       0x20 /senslab/users/luca/nrg-5/nrg-5-task4/bin/iotlab-a8-m3/core.a(kernel_init.o)
 .debug_ranges  0x0000000000000678       0x80 /senslab/users/luca/nrg-5/nrg-5-task4/bin/iotlab-a8-m3/core.a(thread.o)
 .debug_ranges  0x00000000000006f8       0x70 /senslab/users/luca/nrg-5/nrg-5-task4/bin/iotlab-a8-m3/isrpipe.a(isrpipe.o)
 .debug_ranges  0x0000000000000768       0x60 /senslab/users/luca/nrg-5/nrg-5-task4/bin/iotlab-a8-m3/periph.a(gpio.o)
 .debug_ranges  0x00000000000007c8       0x20 /senslab/users/luca/nrg-5/nrg-5-task4/bin/iotlab-a8-m3/pm_layered.a(pm.o)
 .debug_ranges  0x00000000000007e8       0x28 /senslab/users/luca/nrg-5/nrg-5-task4/bin/iotlab-a8-m3/ps.a(ps.o)
 .debug_ranges  0x0000000000000810       0x10 /senslab/users/luca/nrg-5/nrg-5-task4/bin/iotlab-a8-m3/stm32_common.a(stmclk.o)
 .debug_ranges  0x0000000000000820       0x38 /senslab/users/luca/nrg-5/nrg-5-task4/bin/iotlab-a8-m3/stm32_common.a(stmclk_common.o)
 .debug_ranges  0x0000000000000858       0x10 /senslab/users/luca/nrg-5/nrg-5-task4/bin/iotlab-a8-m3/stm32_common.a(cpu_init.o)
 .debug_ranges  0x0000000000000868       0x28 /senslab/users/luca/nrg-5/nrg-5-task4/bin/iotlab-a8-m3/stm32_common.a(cpu_common.o)
 .debug_ranges  0x0000000000000890       0xb0 /senslab/users/luca/nrg-5/nrg-5-task4/bin/iotlab-a8-m3/stm32_common_periph.a(timer.o)
 .debug_ranges  0x0000000000000940       0x98 /senslab/users/luca/nrg-5/nrg-5-task4/bin/iotlab-a8-m3/tsrb.a(tsrb.o)
 .debug_ranges  0x00000000000009d8       0x10 /senslab/users/luca/nrg-5/nrg-5-task4/bin/iotlab-a8-m3/periph_common.a(init.o)
 .debug_ranges  0x00000000000009e8       0x60 /senslab/users/luca/nrg-5/nrg-5-task4/bin/iotlab-a8-m3/application_nrg-5-task4.a(main.o)
 .debug_ranges  0x0000000000000a48       0x10 /senslab/users/luca/nrg-5/nrg-5-task4/bin/iotlab-a8-m3/auto_init.a(auto_init.o)
 .debug_ranges  0x0000000000000a58       0x80 /senslab/users/luca/nrg-5/nrg-5-task4/bin/iotlab-a8-m3/core.a(mutex.o)
 .debug_ranges  0x0000000000000ad8       0x60 /senslab/users/luca/nrg-5/nrg-5-task4/bin/iotlab-a8-m3/cortexm_common.a(cortexm_init.o)
 .debug_ranges  0x0000000000000b38      0x118 /senslab/users/luca/nrg-5/nrg-5-task4/bin/iotlab-a8-m3/shell.a(shell.o)
 .debug_ranges  0x0000000000000c50       0x10 /senslab/users/luca/nrg-5/nrg-5-task4/bin/iotlab-a8-m3/shell_commands.a(sc_sys.o)
 .debug_ranges  0x0000000000000c60       0x10 /senslab/users/luca/nrg-5/nrg-5-task4/bin/iotlab-a8-m3/shell_commands.a(sc_ps.o)
 .debug_ranges  0x0000000000000c70      0x218 /senslab/users/luca/nrg-5/nrg-5-task4/bin/iotlab-a8-m3/xtimer.a(xtimer.o)
 .debug_ranges  0x0000000000000e88       0x10 /senslab/users/luca/nrg-5/nrg-5-task4/bin/iotlab-a8-m3/cortexm_common_periph.a(pm.o)

.debug_macro    0x0000000000000000    0x27fc3
 .debug_macro   0x0000000000000000       0xd5 /senslab/users/luca/nrg-5/nrg-5-task4/bin/iotlab-a8-m3/cpu/vectors.o
 .debug_macro   0x00000000000000d5      0xa4e /senslab/users/luca/nrg-5/nrg-5-task4/bin/iotlab-a8-m3/cpu/vectors.o
 .debug_macro   0x0000000000000b23      0x106 /senslab/users/luca/nrg-5/nrg-5-task4/bin/iotlab-a8-m3/cpu/vectors.o
 .debug_macro   0x0000000000000c29       0x2e /senslab/users/luca/nrg-5/nrg-5-task4/bin/iotlab-a8-m3/cpu/vectors.o
 .debug_macro   0x0000000000000c57       0x22 /senslab/users/luca/nrg-5/nrg-5-task4/bin/iotlab-a8-m3/cpu/vectors.o
 .debug_macro   0x0000000000000c79       0x22 /senslab/users/luca/nrg-5/nrg-5-task4/bin/iotlab-a8-m3/cpu/vectors.o
 .debug_macro   0x0000000000000c9b       0x56 /senslab/users/luca/nrg-5/nrg-5-task4/bin/iotlab-a8-m3/cpu/vectors.o
 .debug_macro   0x0000000000000cf1       0x51 /senslab/users/luca/nrg-5/nrg-5-task4/bin/iotlab-a8-m3/cpu/vectors.o
 .debug_macro   0x0000000000000d42       0xef /senslab/users/luca/nrg-5/nrg-5-task4/bin/iotlab-a8-m3/cpu/vectors.o
 .debug_macro   0x0000000000000e31       0x6a /senslab/users/luca/nrg-5/nrg-5-task4/bin/iotlab-a8-m3/cpu/vectors.o
 .debug_macro   0x0000000000000e9b      0x1df /senslab/users/luca/nrg-5/nrg-5-task4/bin/iotlab-a8-m3/cpu/vectors.o
 .debug_macro   0x000000000000107a       0x34 /senslab/users/luca/nrg-5/nrg-5-task4/bin/iotlab-a8-m3/cpu/vectors.o
 .debug_macro   0x00000000000010ae       0x34 /senslab/users/luca/nrg-5/nrg-5-task4/bin/iotlab-a8-m3/cpu/vectors.o
 .debug_macro   0x00000000000010e2      0xb8e /senslab/users/luca/nrg-5/nrg-5-task4/bin/iotlab-a8-m3/cpu/vectors.o
 .debug_macro   0x0000000000001c70     0x7575 /senslab/users/luca/nrg-5/nrg-5-task4/bin/iotlab-a8-m3/cpu/vectors.o
 .debug_macro   0x00000000000091e5       0x2e /senslab/users/luca/nrg-5/nrg-5-task4/bin/iotlab-a8-m3/cpu/vectors.o
 .debug_macro   0x0000000000009213       0x16 /senslab/users/luca/nrg-5/nrg-5-task4/bin/iotlab-a8-m3/cpu/vectors.o
 .debug_macro   0x0000000000009229      0x4b7 /senslab/users/luca/nrg-5/nrg-5-task4/bin/iotlab-a8-m3/newlib_syscalls_default/syscalls.o
 .debug_macro   0x00000000000096e0      0xa4e /senslab/users/luca/nrg-5/nrg-5-task4/bin/iotlab-a8-m3/newlib_syscalls_default/syscalls.o
 .debug_macro   0x000000000000a12e       0x40 /senslab/users/luca/nrg-5/nrg-5-task4/bin/iotlab-a8-m3/newlib_syscalls_default/syscalls.o
 .debug_macro   0x000000000000a16e       0x18 /senslab/users/luca/nrg-5/nrg-5-task4/bin/iotlab-a8-m3/newlib_syscalls_default/syscalls.o
 .debug_macro   0x000000000000a186       0x5c /senslab/users/luca/nrg-5/nrg-5-task4/bin/iotlab-a8-m3/newlib_syscalls_default/syscalls.o
 .debug_macro   0x000000000000a1e2       0x3c /senslab/users/luca/nrg-5/nrg-5-task4/bin/iotlab-a8-m3/newlib_syscalls_default/syscalls.o
 .debug_macro   0x000000000000a21e       0x34 /senslab/users/luca/nrg-5/nrg-5-task4/bin/iotlab-a8-m3/newlib_syscalls_default/syscalls.o
 .debug_macro   0x000000000000a252       0x10 /senslab/users/luca/nrg-5/nrg-5-task4/bin/iotlab-a8-m3/newlib_syscalls_default/syscalls.o
 .debug_macro   0x000000000000a262       0x57 /senslab/users/luca/nrg-5/nrg-5-task4/bin/iotlab-a8-m3/newlib_syscalls_default/syscalls.o
 .debug_macro   0x000000000000a2b9       0xcf /senslab/users/luca/nrg-5/nrg-5-task4/bin/iotlab-a8-m3/newlib_syscalls_default/syscalls.o
 .debug_macro   0x000000000000a388      0x353 /senslab/users/luca/nrg-5/nrg-5-task4/bin/iotlab-a8-m3/newlib_syscalls_default/syscalls.o
 .debug_macro   0x000000000000a6db       0x10 /senslab/users/luca/nrg-5/nrg-5-task4/bin/iotlab-a8-m3/newlib_syscalls_default/syscalls.o
 .debug_macro   0x000000000000a6eb       0xb7 /senslab/users/luca/nrg-5/nrg-5-task4/bin/iotlab-a8-m3/newlib_syscalls_default/syscalls.o
 .debug_macro   0x000000000000a7a2       0x52 /senslab/users/luca/nrg-5/nrg-5-task4/bin/iotlab-a8-m3/newlib_syscalls_default/syscalls.o
 .debug_macro   0x000000000000a7f4       0x1f /senslab/users/luca/nrg-5/nrg-5-task4/bin/iotlab-a8-m3/newlib_syscalls_default/syscalls.o
 .debug_macro   0x000000000000a813       0x43 /senslab/users/luca/nrg-5/nrg-5-task4/bin/iotlab-a8-m3/newlib_syscalls_default/syscalls.o
 .debug_macro   0x000000000000a856       0x20 /senslab/users/luca/nrg-5/nrg-5-task4/bin/iotlab-a8-m3/newlib_syscalls_default/syscalls.o
 .debug_macro   0x000000000000a876       0xb6 /senslab/users/luca/nrg-5/nrg-5-task4/bin/iotlab-a8-m3/newlib_syscalls_default/syscalls.o
 .debug_macro   0x000000000000a92c      0x4fe /senslab/users/luca/nrg-5/nrg-5-task4/bin/iotlab-a8-m3/newlib_syscalls_default/syscalls.o
 .debug_macro   0x000000000000ae2a      0x1a3 /senslab/users/luca/nrg-5/nrg-5-task4/bin/iotlab-a8-m3/newlib_syscalls_default/syscalls.o
 .debug_macro   0x000000000000afcd       0x10 /senslab/users/luca/nrg-5/nrg-5-task4/bin/iotlab-a8-m3/newlib_syscalls_default/syscalls.o
 .debug_macro   0x000000000000afdd       0x35 /senslab/users/luca/nrg-5/nrg-5-task4/bin/iotlab-a8-m3/newlib_syscalls_default/syscalls.o
 .debug_macro   0x000000000000b012       0x10 /senslab/users/luca/nrg-5/nrg-5-task4/bin/iotlab-a8-m3/newlib_syscalls_default/syscalls.o
 .debug_macro   0x000000000000b022      0x241 /senslab/users/luca/nrg-5/nrg-5-task4/bin/iotlab-a8-m3/newlib_syscalls_default/syscalls.o
 .debug_macro   0x000000000000b263       0x16 /senslab/users/luca/nrg-5/nrg-5-task4/bin/iotlab-a8-m3/newlib_syscalls_default/syscalls.o
 .debug_macro   0x000000000000b279       0x10 /senslab/users/luca/nrg-5/nrg-5-task4/bin/iotlab-a8-m3/newlib_syscalls_default/syscalls.o
 .debug_macro   0x000000000000b289       0x16 /senslab/users/luca/nrg-5/nrg-5-task4/bin/iotlab-a8-m3/newlib_syscalls_default/syscalls.o
 .debug_macro   0x000000000000b29f       0xff /senslab/users/luca/nrg-5/nrg-5-task4/bin/iotlab-a8-m3/newlib_syscalls_default/syscalls.o
 .debug_macro   0x000000000000b39e       0x16 /senslab/users/luca/nrg-5/nrg-5-task4/bin/iotlab-a8-m3/newlib_syscalls_default/syscalls.o
 .debug_macro   0x000000000000b3b4       0x22 /senslab/users/luca/nrg-5/nrg-5-task4/bin/iotlab-a8-m3/newlib_syscalls_default/syscalls.o
 .debug_macro   0x000000000000b3d6       0x16 /senslab/users/luca/nrg-5/nrg-5-task4/bin/iotlab-a8-m3/newlib_syscalls_default/syscalls.o
 .debug_macro   0x000000000000b3ec       0x16 /senslab/users/luca/nrg-5/nrg-5-task4/bin/iotlab-a8-m3/newlib_syscalls_default/syscalls.o
 .debug_macro   0x000000000000b402       0x10 /senslab/users/luca/nrg-5/nrg-5-task4/bin/iotlab-a8-m3/newlib_syscalls_default/syscalls.o
 .debug_macro   0x000000000000b412       0x10 /senslab/users/luca/nrg-5/nrg-5-task4/bin/iotlab-a8-m3/newlib_syscalls_default/syscalls.o
 .debug_macro   0x000000000000b422       0x2e /senslab/users/luca/nrg-5/nrg-5-task4/bin/iotlab-a8-m3/newlib_syscalls_default/syscalls.o
 .debug_macro   0x000000000000b450       0xf5 /senslab/users/luca/nrg-5/nrg-5-task4/bin/iotlab-a8-m3/newlib_syscalls_default/syscalls.o
 .debug_macro   0x000000000000b545       0x22 /senslab/users/luca/nrg-5/nrg-5-task4/bin/iotlab-a8-m3/newlib_syscalls_default/syscalls.o
 .debug_macro   0x000000000000b567       0x2f /senslab/users/luca/nrg-5/nrg-5-task4/bin/iotlab-a8-m3/newlib_syscalls_default/syscalls.o
 .debug_macro   0x000000000000b596       0x3a /senslab/users/luca/nrg-5/nrg-5-task4/bin/iotlab-a8-m3/newlib_syscalls_default/syscalls.o
 .debug_macro   0x000000000000b5d0       0xd6 /senslab/users/luca/nrg-5/nrg-5-task4/bin/iotlab-a8-m3/newlib_syscalls_default/syscalls.o
 .debug_macro   0x000000000000b6a6       0x10 /senslab/users/luca/nrg-5/nrg-5-task4/bin/iotlab-a8-m3/newlib_syscalls_default/syscalls.o
 .debug_macro   0x000000000000b6b6      0x460 /senslab/users/luca/nrg-5/nrg-5-task4/bin/iotlab-a8-m3/newlib_syscalls_default/syscalls.o
 .debug_macro   0x000000000000bb16       0x2b /senslab/users/luca/nrg-5/nrg-5-task4/bin/iotlab-a8-m3/newlib_syscalls_default/syscalls.o
 .debug_macro   0x000000000000bb41       0xee /senslab/users/luca/nrg-5/nrg-5-task4/bin/iotlab-a8-m3/newlib_syscalls_default/syscalls.o
 .debug_macro   0x000000000000bc2f       0x28 /senslab/users/luca/nrg-5/nrg-5-task4/bin/iotlab-a8-m3/newlib_syscalls_default/syscalls.o
 .debug_macro   0x000000000000bc57       0x10 /senslab/users/luca/nrg-5/nrg-5-task4/bin/iotlab-a8-m3/newlib_syscalls_default/syscalls.o
 .debug_macro   0x000000000000bc67       0x12 /senslab/users/luca/nrg-5/nrg-5-task4/bin/iotlab-a8-m3/newlib_syscalls_default/syscalls.o
 .debug_macro   0x000000000000bc79       0xc1 /senslab/users/luca/nrg-5/nrg-5-task4/bin/iotlab-a8-m3/newlib_syscalls_default/syscalls.o
 .debug_macro   0x000000000000bd3a       0x16 /senslab/users/luca/nrg-5/nrg-5-task4/bin/iotlab-a8-m3/newlib_syscalls_default/syscalls.o
 .debug_macro   0x000000000000bd50       0x83 /senslab/users/luca/nrg-5/nrg-5-task4/bin/iotlab-a8-m3/newlib_syscalls_default/syscalls.o
 .debug_macro   0x000000000000bdd3       0x46 /senslab/users/luca/nrg-5/nrg-5-task4/bin/iotlab-a8-m3/newlib_syscalls_default/syscalls.o
 .debug_macro   0x000000000000be19       0xc2 /senslab/users/luca/nrg-5/nrg-5-task4/bin/iotlab-a8-m3/newlib_syscalls_default/syscalls.o
 .debug_macro   0x000000000000bedb       0x8e /senslab/users/luca/nrg-5/nrg-5-task4/bin/iotlab-a8-m3/newlib_syscalls_default/syscalls.o
 .debug_macro   0x000000000000bf69       0x1c /senslab/users/luca/nrg-5/nrg-5-task4/bin/iotlab-a8-m3/newlib_syscalls_default/syscalls.o
 .debug_macro   0x000000000000bf85       0x34 /senslab/users/luca/nrg-5/nrg-5-task4/bin/iotlab-a8-m3/newlib_syscalls_default/syscalls.o
 .debug_macro   0x000000000000bfb9       0x10 /senslab/users/luca/nrg-5/nrg-5-task4/bin/iotlab-a8-m3/newlib_syscalls_default/syscalls.o
 .debug_macro   0x000000000000bfc9       0x10 /senslab/users/luca/nrg-5/nrg-5-task4/bin/iotlab-a8-m3/newlib_syscalls_default/syscalls.o
 .debug_macro   0x000000000000bfd9       0x43 /senslab/users/luca/nrg-5/nrg-5-task4/bin/iotlab-a8-m3/newlib_syscalls_default/syscalls.o
 .debug_macro   0x000000000000c01c       0x1c /senslab/users/luca/nrg-5/nrg-5-task4/bin/iotlab-a8-m3/newlib_syscalls_default/syscalls.o
 .debug_macro   0x000000000000c038       0x34 /senslab/users/luca/nrg-5/nrg-5-task4/bin/iotlab-a8-m3/newlib_syscalls_default/syscalls.o
 .debug_macro   0x000000000000c06c       0x16 /senslab/users/luca/nrg-5/nrg-5-task4/bin/iotlab-a8-m3/newlib_syscalls_default/syscalls.o
 .debug_macro   0x000000000000c082       0x4a /senslab/users/luca/nrg-5/nrg-5-task4/bin/iotlab-a8-m3/newlib_syscalls_default/syscalls.o
 .debug_macro   0x000000000000c0cc       0x10 /senslab/users/luca/nrg-5/nrg-5-task4/bin/iotlab-a8-m3/newlib_syscalls_default/syscalls.o
 .debug_macro   0x000000000000c0dc       0x10 /senslab/users/luca/nrg-5/nrg-5-task4/bin/iotlab-a8-m3/newlib_syscalls_default/syscalls.o
 .debug_macro   0x000000000000c0ec      0x2f2 /senslab/users/luca/nrg-5/nrg-5-task4/bin/iotlab-a8-m3/core.a(sched.o)
 .debug_macro   0x000000000000c3de      0xa4e /senslab/users/luca/nrg-5/nrg-5-task4/bin/iotlab-a8-m3/core.a(sched.o)
 .debug_macro   0x000000000000ce2c      0x16d /senslab/users/luca/nrg-5/nrg-5-task4/bin/iotlab-a8-m3/core.a(sched.o)
 .debug_macro   0x000000000000cf99       0x46 /senslab/users/luca/nrg-5/nrg-5-task4/bin/iotlab-a8-m3/core.a(sched.o)
 .debug_macro   0x000000000000cfdf       0x3a /senslab/users/luca/nrg-5/nrg-5-task4/bin/iotlab-a8-m3/core.a(sched.o)
 .debug_macro   0x000000000000d019       0x25 /senslab/users/luca/nrg-5/nrg-5-task4/bin/iotlab-a8-m3/core.a(sched.o)
 .debug_macro   0x000000000000d03e       0x2e /senslab/users/luca/nrg-5/nrg-5-task4/bin/iotlab-a8-m3/core.a(sched.o)
 .debug_macro   0x000000000000d06c       0x1c /senslab/users/luca/nrg-5/nrg-5-task4/bin/iotlab-a8-m3/core.a(sched.o)
 .debug_macro   0x000000000000d088      0x114 /senslab/users/luca/nrg-5/nrg-5-task4/bin/iotlab-a8-m3/core.a(sched.o)
 .debug_macro   0x000000000000d19c       0x1c /senslab/users/luca/nrg-5/nrg-5-task4/bin/iotlab-a8-m3/core.a(sched.o)
 .debug_macro   0x000000000000d1b8      0x2da /senslab/users/luca/nrg-5/nrg-5-task4/bin/iotlab-a8-m3/cortexm_common.a(thread_arch.o)
 .debug_macro   0x000000000000d492      0xa4e /senslab/users/luca/nrg-5/nrg-5-task4/bin/iotlab-a8-m3/cortexm_common.a(thread_arch.o)
 .debug_macro   0x000000000000dee0       0x97 /senslab/users/luca/nrg-5/nrg-5-task4/bin/iotlab-a8-m3/cortexm_common.a(thread_arch.o)
 .debug_macro   0x000000000000df77       0xf6 /senslab/users/luca/nrg-5/nrg-5-task4/bin/iotlab-a8-m3/cortexm_common.a(thread_arch.o)
 .debug_macro   0x000000000000e06d       0x1c /senslab/users/luca/nrg-5/nrg-5-task4/bin/iotlab-a8-m3/cortexm_common.a(thread_arch.o)
 .debug_macro   0x000000000000e089      0x34f /senslab/users/luca/nrg-5/nrg-5-task4/bin/iotlab-a8-m3/cortexm_common.a(vectors_cortexm.o)
 .debug_macro   0x000000000000e3d8      0xa4e /senslab/users/luca/nrg-5/nrg-5-task4/bin/iotlab-a8-m3/cortexm_common.a(vectors_cortexm.o)
 .debug_macro   0x000000000000ee26       0x16 /senslab/users/luca/nrg-5/nrg-5-task4/bin/iotlab-a8-m3/cortexm_common.a(vectors_cortexm.o)
 .debug_macro   0x000000000000ee3c       0x1c /senslab/users/luca/nrg-5/nrg-5-task4/bin/iotlab-a8-m3/cortexm_common.a(vectors_cortexm.o)
 .debug_macro   0x000000000000ee58      0x2ca /senslab/users/luca/nrg-5/nrg-5-task4/bin/iotlab-a8-m3/cortexm_common.a(irq_arch.o)
 .debug_macro   0x000000000000f122      0xa4e /senslab/users/luca/nrg-5/nrg-5-task4/bin/iotlab-a8-m3/cortexm_common.a(irq_arch.o)
 .debug_macro   0x000000000000fb70      0x3d0 /senslab/users/luca/nrg-5/nrg-5-task4/bin/iotlab-a8-m3/stdio_uart.a(stdio_uart.o)
 .debug_macro   0x000000000000ff40      0xa4e /senslab/users/luca/nrg-5/nrg-5-task4/bin/iotlab-a8-m3/stdio_uart.a(stdio_uart.o)
 .debug_macro   0x000000000001098e       0x16 /senslab/users/luca/nrg-5/nrg-5-task4/bin/iotlab-a8-m3/stdio_uart.a(stdio_uart.o)
 .debug_macro   0x00000000000109a4       0x10 /senslab/users/luca/nrg-5/nrg-5-task4/bin/iotlab-a8-m3/stdio_uart.a(stdio_uart.o)
 .debug_macro   0x00000000000109b4       0x10 /senslab/users/luca/nrg-5/nrg-5-task4/bin/iotlab-a8-m3/stdio_uart.a(stdio_uart.o)
 .debug_macro   0x00000000000109c4      0x337 /senslab/users/luca/nrg-5/nrg-5-task4/bin/iotlab-a8-m3/stm32_common_periph.a(uart.o)
 .debug_macro   0x0000000000010cfb      0xa4e /senslab/users/luca/nrg-5/nrg-5-task4/bin/iotlab-a8-m3/stm32_common_periph.a(uart.o)
 .debug_macro   0x0000000000011749      0x31c /senslab/users/luca/nrg-5/nrg-5-task4/bin/iotlab-a8-m3/stm32_common_periph.a(pm.o)
 .debug_macro   0x0000000000011a65      0xa4e /senslab/users/luca/nrg-5/nrg-5-task4/bin/iotlab-a8-m3/stm32_common_periph.a(pm.o)
 .debug_macro   0x00000000000124b3       0x7d /senslab/users/luca/nrg-5/nrg-5-task4/bin/iotlab-a8-m3/stm32_common_periph.a(pm.o)
 .debug_macro   0x0000000000012530      0x3c5 /senslab/users/luca/nrg-5/nrg-5-task4/bin/iotlab-a8-m3/xtimer.a(xtimer_core.o)
 .debug_macro   0x00000000000128f5      0xa4e /senslab/users/luca/nrg-5/nrg-5-task4/bin/iotlab-a8-m3/xtimer.a(xtimer_core.o)
 .debug_macro   0x0000000000013343       0x10 /senslab/users/luca/nrg-5/nrg-5-task4/bin/iotlab-a8-m3/xtimer.a(xtimer_core.o)
 .debug_macro   0x0000000000013353       0x16 /senslab/users/luca/nrg-5/nrg-5-task4/bin/iotlab-a8-m3/xtimer.a(xtimer_core.o)
 .debug_macro   0x0000000000013369      0x32f /senslab/users/luca/nrg-5/nrg-5-task4/bin/iotlab-a8-m3/boards_common_iotlab.a(board_init.o)
 .debug_macro   0x0000000000013698      0xa4e /senslab/users/luca/nrg-5/nrg-5-task4/bin/iotlab-a8-m3/boards_common_iotlab.a(board_init.o)
 .debug_macro   0x00000000000140e6      0x325 /senslab/users/luca/nrg-5/nrg-5-task4/bin/iotlab-a8-m3/core.a(panic.o)
 .debug_macro   0x000000000001440b      0xa4e /senslab/users/luca/nrg-5/nrg-5-task4/bin/iotlab-a8-m3/core.a(panic.o)
 .debug_macro   0x0000000000014e59      0x35e /senslab/users/luca/nrg-5/nrg-5-task4/bin/iotlab-a8-m3/core.a(kernel_init.o)
 .debug_macro   0x00000000000151b7      0xa4e /senslab/users/luca/nrg-5/nrg-5-task4/bin/iotlab-a8-m3/core.a(kernel_init.o)
 .debug_macro   0x0000000000015c05      0x23b /senslab/users/luca/nrg-5/nrg-5-task4/bin/iotlab-a8-m3/core.a(kernel_init.o)
 .debug_macro   0x0000000000015e40       0xdc /senslab/users/luca/nrg-5/nrg-5-task4/bin/iotlab-a8-m3/core.a(kernel_init.o)
 .debug_macro   0x0000000000015f1c      0x2f4 /senslab/users/luca/nrg-5/nrg-5-task4/bin/iotlab-a8-m3/core.a(thread.o)
 .debug_macro   0x0000000000016210      0xa4e /senslab/users/luca/nrg-5/nrg-5-task4/bin/iotlab-a8-m3/core.a(thread.o)
 .debug_macro   0x0000000000016c5e      0x3e3 /senslab/users/luca/nrg-5/nrg-5-task4/bin/iotlab-a8-m3/isrpipe.a(isrpipe.o)
 .debug_macro   0x0000000000017041      0xa4e /senslab/users/luca/nrg-5/nrg-5-task4/bin/iotlab-a8-m3/isrpipe.a(isrpipe.o)
 .debug_macro   0x0000000000017a8f       0x2e /senslab/users/luca/nrg-5/nrg-5-task4/bin/iotlab-a8-m3/isrpipe.a(isrpipe.o)
 .debug_macro   0x0000000000017abd      0x34e /senslab/users/luca/nrg-5/nrg-5-task4/bin/iotlab-a8-m3/periph.a(gpio.o)
 .debug_macro   0x0000000000017e0b      0xa4e /senslab/users/luca/nrg-5/nrg-5-task4/bin/iotlab-a8-m3/periph.a(gpio.o)
 .debug_macro   0x0000000000018859      0x312 /senslab/users/luca/nrg-5/nrg-5-task4/bin/iotlab-a8-m3/pm_layered.a(pm.o)
 .debug_macro   0x0000000000018b6b      0xa4e /senslab/users/luca/nrg-5/nrg-5-task4/bin/iotlab-a8-m3/pm_layered.a(pm.o)
 .debug_macro   0x00000000000195b9      0x2b5 /senslab/users/luca/nrg-5/nrg-5-task4/bin/iotlab-a8-m3/ps.a(ps.o)
 .debug_macro   0x000000000001986e      0xa4e /senslab/users/luca/nrg-5/nrg-5-task4/bin/iotlab-a8-m3/ps.a(ps.o)
 .debug_macro   0x000000000001a2bc      0x330 /senslab/users/luca/nrg-5/nrg-5-task4/bin/iotlab-a8-m3/stm32_common.a(stmclk.o)
 .debug_macro   0x000000000001a5ec      0xa4e /senslab/users/luca/nrg-5/nrg-5-task4/bin/iotlab-a8-m3/stm32_common.a(stmclk.o)
 .debug_macro   0x000000000001b03a      0x31d /senslab/users/luca/nrg-5/nrg-5-task4/bin/iotlab-a8-m3/stm32_common.a(stmclk_common.o)
 .debug_macro   0x000000000001b357      0xa4e /senslab/users/luca/nrg-5/nrg-5-task4/bin/iotlab-a8-m3/stm32_common.a(stmclk_common.o)
 .debug_macro   0x000000000001bda5      0x2f6 /senslab/users/luca/nrg-5/nrg-5-task4/bin/iotlab-a8-m3/stm32_common.a(cpu_init.o)
 .debug_macro   0x000000000001c09b      0xa4e /senslab/users/luca/nrg-5/nrg-5-task4/bin/iotlab-a8-m3/stm32_common.a(cpu_init.o)
 .debug_macro   0x000000000001cae9      0x314 /senslab/users/luca/nrg-5/nrg-5-task4/bin/iotlab-a8-m3/stm32_common.a(cpu_common.o)
 .debug_macro   0x000000000001cdfd      0xa4e /senslab/users/luca/nrg-5/nrg-5-task4/bin/iotlab-a8-m3/stm32_common.a(cpu_common.o)
 .debug_macro   0x000000000001d84b      0x312 /senslab/users/luca/nrg-5/nrg-5-task4/bin/iotlab-a8-m3/stm32_common_periph.a(timer.o)
 .debug_macro   0x000000000001db5d      0xa4e /senslab/users/luca/nrg-5/nrg-5-task4/bin/iotlab-a8-m3/stm32_common_periph.a(timer.o)
 .debug_macro   0x000000000001e5ab       0x5f /senslab/users/luca/nrg-5/nrg-5-task4/bin/iotlab-a8-m3/tsrb.a(tsrb.o)
 .debug_macro   0x000000000001e60a      0xa4e /senslab/users/luca/nrg-5/nrg-5-task4/bin/iotlab-a8-m3/tsrb.a(tsrb.o)
 .debug_macro   0x000000000001f058       0x1a /senslab/users/luca/nrg-5/nrg-5-task4/bin/iotlab-a8-m3/periph_common.a(init.o)
 .debug_macro   0x000000000001f072      0xa4e /senslab/users/luca/nrg-5/nrg-5-task4/bin/iotlab-a8-m3/periph_common.a(init.o)
 .debug_macro   0x000000000001fac0      0x3c5 /senslab/users/luca/nrg-5/nrg-5-task4/bin/iotlab-a8-m3/application_nrg-5-task4.a(main.o)
 .debug_macro   0x000000000001fe85      0xa4e /senslab/users/luca/nrg-5/nrg-5-task4/bin/iotlab-a8-m3/application_nrg-5-task4.a(main.o)
 .debug_macro   0x00000000000208d3      0x3cf /senslab/users/luca/nrg-5/nrg-5-task4/bin/iotlab-a8-m3/auto_init.a(auto_init.o)